******************************************************************************
                  TI ARM Linker PC v20.2.5                     
******************************************************************************
>> Linked Sun May  9 18:09:19 2021

OUTPUT FILE NAME:   <LAB6.out>
ENTRY POINT SYMBOL: "_c_int00_noargs"  address: 00000789


MEMORY CONFIGURATION

         name            origin    length      used     unused   attr    fill
----------------------  --------  ---------  --------  --------  ----  --------
  FLASH                 00000000   00040000  000008a4  0003f75c  R  X
  SRAM                  20000000   00008000  00000210  00007df0  RW X


SEGMENT ALLOCATION MAP

run origin  load origin   length   init length attrs members
----------  ----------- ---------- ----------- ----- -------
00000000    00000000    000008a4   000008a4    r-x
  00000000    00000000    0000026c   0000026c    r-- .intvecs
  0000026c    0000026c    00000614   00000614    r-x .text
  00000880    00000880    00000024   00000024    r-- .cinit
20000000    20000000    00000210   00000000    rw-
  20000000    20000000    00000200   00000000    rw- .stack
  20000200    20000200    00000010   00000000    rw- .data


SECTION ALLOCATION MAP

 output                                  attributes/
section   page    origin      length       input sections
--------  ----  ----------  ----------   ----------------
.intvecs   0    00000000    0000026c     
                  00000000    0000026c     tm4c123gh6pm_startup_ccs.obj (.intvecs)

.text      0    0000026c    00000614     
                  0000026c    00000178     main.obj (.text)
                  000003e4    00000132     driverlib.lib : gpio.obj (.text:GPIOPadConfigSet)
                  00000516    00000002     --HOLE-- [fill = 0]
                  00000518    000000f4                   : sysctl.obj (.text:SysCtlClockSet)
                  0000060c    0000009c     rtsv7M4_T_le_v4SPD16_eabi.lib : memcpy_t2.asm.obj (.text)
                  000006a8    00000068                                   : copy_decompress_lzss.c.obj (.text:decompress:lzss:__TI_decompress_lzss)
                  00000710    00000044                                   : autoinit.c.obj (.text:__TI_auto_init_nobinit_nopinit:__TI_auto_init_nobinit_nopinit)
                  00000754    00000034     driverlib.lib : sysctl.obj (.text:SysCtlPeripheralEnable)
                  00000788    00000034     rtsv7M4_T_le_v4SPD16_eabi.lib : boot_cortex_m.c.obj (.text:_c_int00_noargs:_c_int00_noargs)
                  000007bc    0000002a     driverlib.lib : gpio.obj (.text:GPIODirModeSet)
                  000007e6    00000018                   : gpio.obj (.text:GPIOPinTypeGPIOOutput)
                  000007fe    00000002     --HOLE-- [fill = 0]
                  00000800    00000014                   : systick.obj (.text:SysTickDisable)
                  00000814    00000014                   : systick.obj (.text:SysTickEnable)
                  00000828    00000012                   : gpio.obj (.text:GPIOPinTypeGPIOInput)
                  0000083a    00000002     --HOLE-- [fill = 0]
                  0000083c    00000010                   : systick.obj (.text:SysTickPeriodSet)
                  0000084c    0000000e     rtsv7M4_T_le_v4SPD16_eabi.lib : copy_decompress_none.c.obj (.text:decompress:none:__TI_decompress_none)
                  0000085a    0000000c     tm4c123gh6pm_startup_ccs.obj (.text)
                  00000866    00000006     driverlib.lib : gpio.obj (.text:GPIOPinRead)
                  0000086c    00000006                   : gpio.obj (.text:GPIOPinWrite)
                  00000872    00000006                   : sysctl.obj (.text:SysCtlDelay)
                  00000878    00000004     rtsv7M4_T_le_v4SPD16_eabi.lib : pre_init.c.obj (.text:_system_pre_init)
                  0000087c    00000004                                   : exit.c.obj (.text:abort:abort)

.cinit     0    00000880    00000024     
                  00000880    00000013     (.cinit..data.load) [load image, compression = lzss]
                  00000893    00000001     --HOLE-- [fill = 0]
                  00000894    00000008     (__TI_handler_table)
                  0000089c    00000008     (__TI_cinit_table)

.init_array 
*          0    00000000    00000000     UNINITIALIZED

.data      0    20000200    00000010     UNINITIALIZED
                  20000200    00000010     main.obj (.data)

.stack     0    20000000    00000200     UNINITIALIZED
                  20000000    00000004     rtsv7M4_T_le_v4SPD16_eabi.lib : boot_cortex_m.c.obj (.stack)
                  20000004    000001fc     --HOLE--

__llvm_prf_cnts 
*          0    20000000    00000000     UNINITIALIZED

MODULE SUMMARY

       Module                         code   ro data   rw data
       ------                         ----   -------   -------
    .\
       tm4c123gh6pm_startup_ccs.obj   12     620       0      
       main.obj                       376    0         16     
    +--+------------------------------+------+---------+---------+
       Total:                         388    620       16     
                                                              
    C:/ti/TivaWare_C_Series-2.1.4.178/driverlib/ccs/Debug/driverlib.lib
       gpio.obj                       402    0         0      
       sysctl.obj                     302    0         0      
       systick.obj                    56     0         0      
    +--+------------------------------+------+---------+---------+
       Total:                         760    0         0      
                                                              
    C:\ti\ccs1031\ccs\tools\compiler\ti-cgt-arm_20.2.5.LTS\lib\rtsv7M4_T_le_v4SPD16_eabi.lib
       memcpy_t2.asm.obj              156    0         0      
       copy_decompress_lzss.c.obj     104    0         0      
       autoinit.c.obj                 68     0         0      
       boot_cortex_m.c.obj            52     0         0      
       copy_decompress_none.c.obj     14     0         0      
       exit.c.obj                     4      0         0      
       pre_init.c.obj                 4      0         0      
    +--+------------------------------+------+---------+---------+
       Total:                         402    0         0      
                                                              
       Stack:                         0      0         512    
       Linker Generated:              0      35        0      
    +--+------------------------------+------+---------+---------+
       Grand Total:                   1550   655       528    


LINKER GENERATED COPY TABLES

__TI_cinit_table @ 0000089c records: 1, size/record: 8, table size: 8
	.data: load addr=00000880, load size=00000013 bytes, run addr=20000200, run size=00000010 bytes, compression=lzss


LINKER GENERATED HANDLER TABLE

__TI_handler_table @ 00000894 records: 2, size/record: 4, table size: 8
	index: 0, handler: __TI_decompress_lzss
	index: 1, handler: __TI_decompress_none


GLOBAL SYMBOLS: SORTED ALPHABETICALLY BY Name 

address   name                          
-------   ----                          
0000087d  C$$EXIT                       
000007bd  GPIODirModeSet                
000003e5  GPIOPadConfigSet              
00000867  GPIOPinRead                   
00000829  GPIOPinTypeGPIOInput          
000007e7  GPIOPinTypeGPIOOutput         
0000086d  GPIOPinWrite                  
0000085b  ResetISR                      
00000519  SysCtlClockSet                
00000873  SysCtlDelay                   
00000755  SysCtlPeripheralEnable        
00000801  SysTickDisable                
00000815  SysTickEnable                 
0000083d  SysTickPeriodSet              
20000200  __STACK_END                   
00000200  __STACK_SIZE                  
20000200  __STACK_TOP                   
0000089c  __TI_CINIT_Base               
000008a4  __TI_CINIT_Limit              
00000894  __TI_Handler_Table_Base       
0000089c  __TI_Handler_Table_Limit      
00000711  __TI_auto_init_nobinit_nopinit
000006a9  __TI_decompress_lzss          
0000084d  __TI_decompress_none          
ffffffff  __TI_pprof_out_hndl           
ffffffff  __TI_prof_data_size           
ffffffff  __TI_prof_data_start          
00000000  __TI_static_base__            
0000060d  __aeabi_memcpy                
0000060d  __aeabi_memcpy4               
0000060d  __aeabi_memcpy8               
ffffffff  __binit__                     
ffffffff  __c_args__                    
UNDEFED   __mpu_init                    
20000000  __stack                       
20000000  __start___llvm_prf_cnts       
20000000  __stop___llvm_prf_cnts        
00000789  _c_int00_noargs               
UNDEFED   _system_post_cinit            
00000879  _system_pre_init              
0000087d  abort                         
ffffffff  binit                         
0000037d  delay                         
000003a9  delay1ms                      
00000000  g_pfnVectors                  
20000200  i                             
0000026d  main                          
0000060d  memcpy                        
20000204  msec_FIJO                     
20000208  msec_OFF                      
2000020c  msec_ON                       


GLOBAL SYMBOLS: SORTED BY Symbol Address 

address   name                          
-------   ----                          
00000000  __TI_static_base__            
00000000  g_pfnVectors                  
00000200  __STACK_SIZE                  
0000026d  main                          
0000037d  delay                         
000003a9  delay1ms                      
000003e5  GPIOPadConfigSet              
00000519  SysCtlClockSet                
0000060d  __aeabi_memcpy                
0000060d  __aeabi_memcpy4               
0000060d  __aeabi_memcpy8               
0000060d  memcpy                        
000006a9  __TI_decompress_lzss          
00000711  __TI_auto_init_nobinit_nopinit
00000755  SysCtlPeripheralEnable        
00000789  _c_int00_noargs               
000007bd  GPIODirModeSet                
000007e7  GPIOPinTypeGPIOOutput         
00000801  SysTickDisable                
00000815  SysTickEnable                 
00000829  GPIOPinTypeGPIOInput          
0000083d  SysTickPeriodSet              
0000084d  __TI_decompress_none          
0000085b  ResetISR                      
00000867  GPIOPinRead                   
0000086d  GPIOPinWrite                  
00000873  SysCtlDelay                   
00000879  _system_pre_init              
0000087d  C$$EXIT                       
0000087d  abort                         
00000894  __TI_Handler_Table_Base       
0000089c  __TI_CINIT_Base               
0000089c  __TI_Handler_Table_Limit      
000008a4  __TI_CINIT_Limit              
20000000  __stack                       
20000000  __start___llvm_prf_cnts       
20000000  __stop___llvm_prf_cnts        
20000200  __STACK_END                   
20000200  __STACK_TOP                   
20000200  i                             
20000204  msec_FIJO                     
20000208  msec_OFF                      
2000020c  msec_ON                       
ffffffff  __TI_pprof_out_hndl           
ffffffff  __TI_prof_data_size           
ffffffff  __TI_prof_data_start          
ffffffff  __binit__                     
ffffffff  __c_args__                    
ffffffff  binit                         
UNDEFED   __mpu_init                    
UNDEFED   _system_post_cinit            

[51 symbols]
