Microchip MPLAB XC8 Compiler V2.31

Linker command line:

-W-3 --edf=C:\Program Files\Microchip\xc8\v2.31\pic\dat\en_msgs.txt -cn \
  -h+dist/default/production\Lab_3.X.production.sym \
  --cmf=dist/default/production\Lab_3.X.production.cmf -z -w9 \
  --disl=596:off --norlf -Q16F887 \
  -oC:\Users\katha\AppData\Local\Temp\sbk0.2 --defsym=__MPLAB_BUILD=1 \
  -Mdist/default/production/Lab_3.X.production.map -E1 -ver=XC8 Compiler \
  --acfsm=1493 -ACODE=00h-07FFhx4 -ASTRCODE=00h-01FFFh -ASTRING=00h-0FFhx32 \
  -ACONST=00h-0FFhx32 -AENTRY=00h-0FFhx32 -ACOMMON=070h-07Fh \
  -ABANK0=020h-06Fh -ABANK1=0A0h-0EFh -ABANK2=0110h-016Fh \
  -ABANK3=0190h-01EFh -ARAM=020h-06Fh,0A0h-0EFh,0110h-016Fh,0190h-01EFh \
  -AABS1=020h-07Fh,0A0h-0EFh,0110h-016Fh,0190h-01EFh -ASFR0=00h-01Fh \
  -ASFR1=080h-09Fh -ASFR2=0100h-010Fh -ASFR3=0180h-018Fh \
  -ACONFIG=02007h-02008h -DCONFIG=2 -AIDLOC=02000h-02003h -DIDLOC=2 \
  -AEEDATA=00h-0FFh/02100h -peeprom_data=EEDATA -DEEDATA=2 -DCODE=2 \
  -DSTRCODE=2 -DSTRING=2 -DCONST=2 -DENTRY=2 \
  -preset_vec=00h,intentry,init,end_init -ppowerup=CODE -pcinit=CODE \
  -pfunctab=ENTRY -k C:\Users\katha\AppData\Local\Temp\sbk0.o \
  dist/default/production\Lab_3.X.production.o 

Object code version is 3.11

Machine type is 16F887



                Name                               Link     Load   Length Selector   Space Scale
C:\Users\katha\AppData\Local\Temp\sbk0.o
                end_init                              E        E        4        0       0
                config                             2007     2007        2        0       4
dist/default/production\Lab_3.X.production.o
                cinit                               7EE      7EE       12      FDC       0
                intentry                              0        0        E        0       0
                text1_split_1                       23A      23A      5B4      474       0
                config                             2007     2007        2        0       4
                text36                                0        0       32        0       0
                text35                               32       32       20        0       0
                text34                               52       52        8        0       0
                text33                             1E23     1E23      1DD     3C46       0
                text32                               5A       5A       29        0       0
                text31                              93C      93C      361     1278       0
                text30                             1D67     1D67       BC     3ACE       0
                text29                             1BBC     1BBC       8A     3778       0
                text28                             1C46     1C46       8B     388C       0
                text27                             1000     1000        6     193A       0
                text26                               83       83       1C        0       0
                text25                               9F       9F        D        0       0
                text24                             194A     194A       50     3294       0
                text23                               AC       AC       26        0       0
                text22                               15       15       18       2A       0
                text21                             18BE     18BE       46     317C       0
                text20                               D2       D2       2B        0       0
                text19                             199A     199A       50     3334       0
                text18                             1013     1013       A4     2026       0
                text17                             1006     1006        D     200C       0
                text16                             1174     1174      340     22E8       0
                text15                             19EA     19EA       50     33D4       0
                text14                              802      802       7C     1004       0
                text13                             1AEB     1AEB       68     35D6       0
                text12                             1A3A     1A3A       56     3474       0
                text11                               FD       FD       27        0       0
                text10                              87E      87E       BE     10FC       0
                text9                              10B7     10B7       BD     216E       0
                text8                              1904     1904       46     3208       0
                text7                               124      124       3C        0       0
                text6                                2D       2D      20D       5A       0
                text5                               160      160       14        0       0
                text4                              1B53     1B53       69     36A6       0
                text3                              1A90     1A90       5B     3520       0
                text2                               C9D      C9D      363     193A       0
                text1                              14B4     14B4      34C     2968       0
                maintext                           1CD1     1CD1       96     39A2       0
                cstackBANK0                          20       20       4F       20       1
                cstackCOMMON                         75       75        5       70       1
                cstackBANK1                          A0       A0       35       A0       1
                clrtext                             174      174        8        0       0
                bssBANK1                             D5       D5       1A       A0       1
                bssCOMMON                            70       70        5       70       1
                strings                            1800     1800       BA     3000       0

TOTAL           Name                               Link     Load   Length     Space
        CLASS   CODE           
                end_init                              E        E        4         0
                cinit                               7EE      7EE       12         0
                intentry                              0        0        E         0
                text1_split_1                       23A      23A      5B4         0
                text36                                0        0       32         0
                text35                               32       32       20         0
                text34                               52       52        8         0
                text33                             1E23     1E23      1DD         0
                text32                               5A       5A       29         0
                text31                              93C      93C      361         0
                text30                             1D67     1D67       BC         0
                text29                             1BBC     1BBC       8A         0
                text28                             1C46     1C46       8B         0
                text27                             1000     1000        6         0
                text26                               83       83       1C         0
                text25                               9F       9F        D         0
                text24                             194A     194A       50         0
                text23                               AC       AC       26         0
                text22                               15       15       18         0
                text21                             18BE     18BE       46         0
                text20                               D2       D2       2B         0
                text19                             199A     199A       50         0
                text18                             1013     1013       A4         0
                text17                             1006     1006        D         0
                text16                             1174     1174      340         0
                text15                             19EA     19EA       50         0
                text14                              802      802       7C         0
                text13                             1AEB     1AEB       68         0
                text12                             1A3A     1A3A       56         0
                text11                               FD       FD       27         0
                text10                              87E      87E       BE         0
                text9                              10B7     10B7       BD         0
                text8                              1904     1904       46         0
                text7                               124      124       3C         0
                text6                                2D       2D      20D         0
                text5                               160      160       14         0
                text4                              1B53     1B53       69         0
                text3                              1A90     1A90       5B         0
                text2                               C9D      C9D      363         0
                text1                              14B4     14B4      34C         0
                maintext                           1CD1     1CD1       96         0
                clrtext                             174      174        8         0

        CLASS   STRCODE        

        CLASS   STRING         
                strings                            1800     1800       BA         0

        CLASS   CONST          

        CLASS   ENTRY          

        CLASS   COMMON         
                cstackCOMMON                         75       75        5         1
                bssCOMMON                            70       70        5         1

        CLASS   BANK0          
                cstackBANK0                          20       20       4F         1

        CLASS   BANK1          
                cstackBANK1                          A0       A0       35         1
                bssBANK1                             D5       D5       1A         1

        CLASS   BANK2          

        CLASS   BANK3          

        CLASS   RAM            

        CLASS   ABS1           
                abs_s1                               7E       7E        2         1

        CLASS   SFR0           

        CLASS   SFR1           

        CLASS   SFR2           

        CLASS   SFR3           

        CLASS   CONFIG         
                config                             2007     2007        2         4

        CLASS   IDLOC          

        CLASS   EEDATA         

        CLASS   STACK          



SEGMENTS        Name                           Load    Length   Top    Selector   Space  Class     Delta

                reset_vec                      000000  000012  000012         0       0  CODE        2
                cstackBANK0                    000020  00004F  00006F        20       1  BANK0       1
                text22                         000015  000018  00002D        2A       0  CODE        2
                text6                          00002D  00020D  00023A        5A       0  CODE        2
                bssCOMMON                      000070  00000A  00007A        70       1  COMMON      1
                cstackBANK1                    0000A0  00004F  0000EF        A0       1  BANK1       1
                text1_split_1                  00023A  0005B4  0007EE       474       0  CODE        2
                cinit                          0007EE  000012  000800       FDC       0  CODE        2
                text14                         000802  00007C  00087E      1004       0  CODE        2
                text10                         00087E  0000BE  00093C      10FC       0  CODE        2
                text31                         00093C  000361  000C9D      1278       0  CODE        2
                text2                          000C9D  000369  001006      193A       0  CODE        2
                text17                         001006  00000D  001013      200C       0  CODE        2
                text18                         001013  0000A4  0010B7      2026       0  CODE        2
                text9                          0010B7  0000BD  001174      216E       0  CODE        2
                text16                         001174  000340  0014B4      22E8       0  CODE        2
                text1                          0014B4  00034C  001800      2968       0  CODE        2
                strings                        001800  0000BA  0018BA      3000       0  STRING      2
                text21                         0018BE  000046  001904      317C       0  CODE        2
                text8                          001904  000046  00194A      3208       0  CODE        2
                text24                         00194A  000050  00199A      3294       0  CODE        2
                text19                         00199A  000050  0019EA      3334       0  CODE        2
                text15                         0019EA  000050  001A3A      33D4       0  CODE        2
                text12                         001A3A  000056  001A90      3474       0  CODE        2
                text3                          001A90  00005B  001AEB      3520       0  CODE        2
                text13                         001AEB  000068  001B53      35D6       0  CODE        2
                text4                          001B53  000069  001BBC      36A6       0  CODE        2
                text29                         001BBC  00008A  001C46      3778       0  CODE        2
                text28                         001C46  00008B  001CD1      388C       0  CODE        2
                maintext                       001CD1  000096  001D67      39A2       0  CODE        2
                text30                         001D67  0000BC  001E23      3ACE       0  CODE        2
                text33                         001E23  0001DD  002000      3C46       0  CODE        2


UNUSED ADDRESS RANGES

        Name                Unused          Largest block    Delta
        BANK0            0006F-0006F               1           1
        BANK1            000EF-000EF               1           1
        BANK2            00110-0016F              60           1
        BANK3            00190-001EF              60           1
        CODE             00800-00801               2           2
                         018BA-018BD               4
        COMMON           0007A-0007D               4           1
        CONST            00800-00801               2           2
                         018BA-018BD               4
        EEDATA           02100-021FF             100           2
        ENTRY            00800-00801               2           2
                         018BA-018BD               4
        IDLOC            02000-02003               4           2
        RAM              0006F-0006F               1           1
                         000EF-000EF               1
                         00110-0016F              60
                         00190-001EF              60
        SFR0             00000-0001F              20           1
        SFR1             00080-0009F              20           1
        SFR2             00100-0010F              10           1
        SFR3             00180-0018F              10           1
        STRCODE          00800-00801               2           2
                         018BA-018BD               4
        STRING           00800-00801               2           2
                         018BA-018BD               4

                                  Symbol Table

_ISR                       text36       00000
_USART_LECTURA                               
__Habs1                    abs1         00000
__Hbank0                   bank0        00000
__Hbank1                   bank1        00000
__Hbank2                   bank2        00000
__Hbank3                   bank3        00000
__Hclrtext                 clrtext      00000
__Hcode                    code         00000
__Hcommon                  common       00000
__Heeprom_data             eeprom_data  00000
__Hfunctab                 functab      00000
__Hmaintext                maintext     00000
__Hpowerup                 powerup      00000
__Hram                     ram          00000
__Hreset_vec               reset_vec    00000
__Hsfr0                    sfr0         00000
__Hsfr1                    sfr1         00000
__Hsfr2                    sfr2         00000
__Hsfr3                    sfr3         00000
__Hspace_2                 (abs)        00000
__Hspace_3                 (abs)        00000
__Hstack                   stack        00000
__Hstrings                 strings      00000
__Htext                    text         00000
__Labs1                    abs1         00000
__Lbank0                   bank0        00000
__Lbank1                   bank1        00000
__Lbank2                   bank2        00000
__Lbank3                   bank3        00000
__Lclrtext                 clrtext      00000
__Lcode                    code         00000
__Lcommon                  common       00000
__Lconfig                  config       00000
__Leeprom_data             eeprom_data  00000
__Lfunctab                 functab      00000
__Lintentry                intentry     00000
__Lmaintext                maintext     00000
__Lpowerup                 powerup      00000
__Lram                     ram          00000
__Lreset_vec               reset_vec    00000
__Lsfr0                    sfr0         00000
__Lsfr1                    sfr1         00000
__Lsfr2                    sfr2         00000
__Lsfr3                    sfr3         00000
__Lspace_0                 (abs)        00000
__Lspace_1                 (abs)        00000
__Lspace_2                 (abs)        00000
__Lspace_3                 (abs)        00000
__Lspace_4                 (abs)        00000
__Lstack                   stack        00000
__Lstrings                 strings      00000
__Ltext                    text         00000
__S3                       (abs)        00000
___int_sp                  stack        00000
___sp                      stack        00000
___stackhi                 (abs)        00000
___stacklo                 (abs)        00000
__pintentry                intentry     00000
__ptext36                  text36       00000
__size_of_ADC_CH0          (abs)        00000
__size_of_ADC_CH1          (abs)        00000
__size_of_ADC_ch           (abs)        00000
__size_of_ADC_val          (abs)        00000
__size_of_ISR              (abs)        00000
__size_of_Lcd_Clear        (abs)        00000
__size_of_Lcd_Cmd          (abs)        00000
__size_of_Lcd_Init         (abs)        00000
__size_of_Lcd_Port         (abs)        00000
__size_of_Lcd_Set_Cursor   (abs)        00000
__size_of_Lcd_Write_Char   (abs)        00000
__size_of_Lcd_Write_String (abs)        00000
__size_of__Umul8_16        (abs)        00000
__size_of___awdiv          (abs)        00000
__size_of___awmod          (abs)        00000
__size_of___fladd          (abs)        00000
__size_of___fldiv          (abs)        00000
__size_of___fleq           (abs)        00000
__size_of___flge           (abs)        00000
__size_of___flmul          (abs)        00000
__size_of___flneg          (abs)        00000
__size_of___flsub          (abs)        00000
__size_of___fltol          (abs)        00000
__size_of___lldiv          (abs)        00000
__size_of___llmod          (abs)        00000
__size_of___lwdiv          (abs)        00000
__size_of___lwmod          (abs)        00000
__size_of___wmul           (abs)        00000
__size_of___xxtofl         (abs)        00000
__size_of__div_to_l_       (abs)        00000
__size_of__tdiv_to_l_      (abs)        00000
__size_of_fround           (abs)        00000
__size_of_isdigit          (abs)        00000
__size_of_main             (abs)        00000
__size_of_scale            (abs)        00000
__size_of_setup            (abs)        00000
__size_of_sprintf          (abs)        00000
interrupt_function         intentry     00000
intlevel0                  functab      00000
intlevel1                  functab      00000
intlevel2                  functab      00000
intlevel3                  functab      00000
intlevel4                  functab      00000
intlevel5                  functab      00000
reset_vec                  reset_vec    00000
___latbits                 (abs)        00002
_PORTA                     (abs)        00005
_PORTB                     (abs)        00006
_PORTD                     (abs)        00008
_PORTE                     (abs)        00009
_INTCON                    (abs)        0000B
pnum$text1                 (abs)        0000B
_PIR1bits                  (abs)        0000C
_RCSTAbits                 (abs)        00018
_TXREG                     (abs)        00019
_RCREG                     (abs)        0001A
__Hinit                    init         0000E
__Hintentry                intentry     0000E
__Lend_init                end_init     0000E
__Linit                    init         0000E
start                      init         0000E
_ADRESH                    (abs)        0001E
_ADCON0bits                (abs)        0001F
?__Umul8_16                cstackBANK0  00020
?___awmod                  cstackBANK0  00020
?___flneg                  cstackBANK0  00020
?___lldiv                  cstackBANK0  00020
?___llmod                  cstackBANK0  00020
?___lwmod                  cstackBANK0  00020
?___wmul                   cstackBANK0  00020
?___xxtofl                 cstackBANK0  00020
?__div_to_l_               cstackBANK0  00020
?__tdiv_to_l_              cstackBANK0  00020
ADC_ch@channel             cstackBANK0  00020
ADC_val@ADRES_H            cstackBANK0  00020
Lcd_Port@a                 cstackBANK0  00020
__Umul8_16@multiplicand    cstackBANK0  00020
___awmod@divisor           cstackBANK0  00020
___fleq@ff1                cstackBANK0  00020
___flge@ff1                cstackBANK0  00020
___flneg@f1                cstackBANK0  00020
___lldiv@divisor           cstackBANK0  00020
___llmod@divisor           cstackBANK0  00020
___lwmod@divisor           cstackBANK0  00020
___wmul@multiplier         cstackBANK0  00020
___xxtofl@val              cstackBANK0  00020
__div_to_l_@f1             cstackBANK0  00020
__pcstackBANK0             cstackBANK0  00020
__tdiv_to_l_@f1            cstackBANK0  00020
_isdigit$911               cstackBANK0  00020
isdigit@c                  cstackBANK0  00021
Lcd_Write_Char@a           cstackBANK0  00022
___awmod@dividend          cstackBANK0  00022
___lwmod@dividend          cstackBANK0  00022
___wmul@multiplicand       cstackBANK0  00022
Lcd_Cmd@a                  cstackBANK0  00023
Lcd_Write_String@a         cstackBANK0  00023
Lcd_Set_Cursor@b           cstackBANK0  00024
__Hend_init                end_init     00012
__Umul8_16@product         cstackBANK0  00024
___fleq@ff2                cstackBANK0  00024
___flge@ff2                cstackBANK0  00024
___lldiv@dividend          cstackBANK0  00024
___llmod@dividend          cstackBANK0  00024
___wmul@product            cstackBANK0  00024
__div_to_l_@f2             cstackBANK0  00024
__tdiv_to_l_@f2            cstackBANK0  00024
___awmod@counter           cstackBANK0  00025
___lwmod@counter           cstackBANK0  00025
?___lwdiv                  cstackBANK0  00026
Lcd_Set_Cursor@a           cstackBANK0  00026
__Umul8_16@word_mpld       cstackBANK0  00026
___awmod@sign              cstackBANK0  00026
___lwdiv@divisor           cstackBANK0  00026
?___awdiv                  cstackBANK0  00027
Lcd_Set_Cursor@temp        cstackBANK0  00027
___awdiv@divisor           cstackBANK0  00027
Lcd_Write_String@i         cstackBANK0  00028
__Umul8_16@multiplier      cstackBANK0  00028
___lwdiv@dividend          cstackBANK0  00028
___xxtofl@sign             cstackBANK0  00028
___awdiv@dividend          cstackBANK0  00029
___lldiv@quotient          cstackBANK0  00029
___llmod@counter           cstackBANK0  00029
___xxtofl@exp              cstackBANK0  00029
__div_to_l_@quot           cstackBANK0  00029
_Lcd_Write_Char            text22       00015
___xxtofl@arg              cstackBANK0  0002A
__ptext22                  text22       00015
___lwdiv@quotient          cstackBANK0  0002B
___awdiv@counter           cstackBANK0  0002C
__tdiv_to_l_@quot          cstackBANK0  0002C
___awdiv@sign              cstackBANK0  0002D
___lldiv@counter           cstackBANK0  0002D
___lwdiv@counter           cstackBANK0  0002D
__div_to_l_@cntr           cstackBANK0  0002D
___awdiv@quotient          cstackBANK0  0002E
__div_to_l_@exp1           cstackBANK0  0002E
?___flmul                  cstackBANK0  00030
___flmul@b                 cstackBANK0  00030
__tdiv_to_l_@cntr          cstackBANK0  00030
__tdiv_to_l_@exp1          cstackBANK0  00031
pnum$text1_split_1         (abs)        00031
___flmul@a                 cstackBANK0  00034
___flmul@sign              cstackBANK0  0003D
___flmul@aexp              cstackBANK0  0003E
___flmul@grs               cstackBANK0  0003F
___flmul@bexp              cstackBANK0  00043
___flmul@prod              cstackBANK0  00044
_RE0                       (abs)        00048
___flmul@temp              cstackBANK0  00048
_RE1                       (abs)        00049
?___fldiv                  cstackBANK0  0004A
?_fround                   cstackBANK0  0004A
?_scale                    cstackBANK0  0004A
___fldiv@a                 cstackBANK0  0004A
___fldiv@b                 cstackBANK0  0004E
_fround$1104               cstackBANK0  00055
___fldiv@rem               cstackBANK0  00057
_scale$1105                cstackBANK0  00058
_fround$1103               cstackBANK0  00059
__end_of_Lcd_Write_Char    text22       0002D
__ptext6                   text6        0002D
_fround                    text6        0002D
___fldiv@sign              cstackBANK0  0005B
___fldiv@new_exp           cstackBANK0  0005C
scale@scl                  cstackBANK0  0005C
?___fltol                  cstackBANK0  0005D
___fltol@f1                cstackBANK0  0005D
fround@prec                cstackBANK0  0005D
?___fladd                  cstackBANK0  0005E
___fladd@b                 cstackBANK0  0005E
___fldiv@grs               cstackBANK0  0005E
___fladd@a                 cstackBANK0  00062
___fldiv@bexp              cstackBANK0  00062
___fldiv@aexp              cstackBANK0  00063
_ADC_ch                    text35       00032
__end_of_ISR               text36       00032
__ptext35                  text35       00032
_RCIF                      (abs)        00065
___fltol@sign1             cstackBANK0  00066
___fltol@exp1              cstackBANK0  00067
_VALOR_ADC                 bssCOMMON    00070
__pbssCOMMON               bssCOMMON    00070
_USART_LEER                bssCOMMON    00071
_cont                      bssCOMMON    00072
_ADC_res2                  bssCOMMON    00073
_ADC_res1                  bssCOMMON    00074
__pcstackCOMMON            cstackCOMMON 00075
btemp                      (abs)        0007E
saved_w                    (abs)        0007E
wtemp0                     (abs)        0007E
_OPTION_REG                (abs)        00081
_TRISA                     (abs)        00085
_TRISB                     (abs)        00086
_TRISD                     (abs)        00088
_TRISE                     (abs)        00089
_PIE1bits                  (abs)        0008C
_TXSTAbits                 (abs)        00098
_SPBRG                     (abs)        00099
_ADRESL                    (abs)        0009E
_ADCON1                    (abs)        0009F
___fladd@signs             cstackBANK1  000A0
__pcstackBANK1             cstackBANK1  000A0
___fladd@aexp              cstackBANK1  000A1
___fladd@bexp              cstackBANK1  000A2
___fladd@grs               cstackBANK1  000A3
?___flsub                  cstackBANK1  000A4
_ADC_val                   text34       00052
___flsub@a                 cstackBANK1  000A4
__end_of_ADC_ch            text35       00052
__ptext34                  text34       00052
___flsub@b                 cstackBANK1  000A8
?_sprintf                  cstackBANK1  000AC
sprintf@f                  cstackBANK1  000AC
__Umul8_16                 text32       0005A
__end_of_ADC_val           text34       0005A
__ptext32                  text32       0005A
_sprintf$1106              cstackBANK1  000BA
sprintf@ap                 cstackBANK1  000BE
sprintf@val                cstackBANK1  000BF
sprintf@flag               cstackBANK1  000C3
sprintf@width              cstackBANK1  000C5
sprintf@tmpval             cstackBANK1  000C7
sprintf@eexp               cstackBANK1  000CB
sprintf@fval               cstackBANK1  000CD
sprintf@sp                 cstackBANK1  000D1
sprintf@prec               cstackBANK1  000D2
sprintf@c                  cstackBANK1  000D4
_VAL2                      bssBANK1     000D5
__pbssBANK1                bssBANK1     000D5
_VAL1                      bssBANK1     000D9
_data                      bssBANK1     000DF
__Hspace_1                 (abs)        000EF
__S1                       (abs)        000EF
_Lcd_Cmd                   text26       00083
__end_of__Umul8_16         text32       00083
__ptext26                  text26       00083
_Lcd_Clear                 text25       0009F
__end_of_Lcd_Cmd           text26       0009F
__ptext25                  text25       0009F
_Lcd_Set_Cursor            text23       000AC
__end_of_Lcd_Clear         text25       000AC
__ptext23                  text23       000AC
_ANSEL                     (abs)        00188
_ANSELH                    (abs)        00189
__end_of_Lcd_Set_Cursor    text23       000D2
__ptext20                  text20       000D2
_setup                     text20       000D2
___wmul                    text11       000FD
__end_of_setup             text20       000FD
__ptext11                  text11       000FD
___lwmod                   text7        00124
__end_of___wmul            text11       00124
__ptext7                   text7        00124
__end_of___lwmod           text7        00160
__ptext5                   text5        00160
_isdigit                   text5        00160
__HcstackBANK0             cstackBANK0  002E8
__HcstackBANK1             cstackBANK1  002E8
__HcstackCOMMON            cstackCOMMON 002E8
__LcstackBANK0             cstackBANK0  002E8
__LcstackBANK1             cstackBANK1  002E8
__LcstackCOMMON            cstackCOMMON 002E8
__end_of_isdigit           text5        00174
clear_ram0                 clrtext      00174
__HbssBANK1                bssBANK1     002F8
__HbssCOMMON               bssCOMMON    002F8
__LbssBANK1                bssBANK1     002F8
__LbssCOMMON               bssCOMMON    002F8
__end_of_fround            text6        0023A
_TRMT                      (abs)        004C1
__Lcinit                   cinit        007EE
__end_of_sprintf           text1_split_1 007EE
__initialization           cinit        007EE
start_initialization       cinit        007EE
__end_of__initialization   cinit        007FC
end_of_initialization      cinit        007FC
__Hcinit                   cinit        00800
___fltol                   text14       00802
__ptext14                  text14       00802
__div_to_l_                text10       0087E
__end_of___fltol           text14       0087E
__ptext10                  text10       0087E
___flmul                   text31       0093C
__end_of__div_to_l_        text10       0093C
__ptext31                  text31       0093C
__end_of___flmul           text31       00C9D
__ptext2                   text2        00C9D
_scale                     text2        00C9D
_Lcd_Port                  text27       01000
__Hspace_0                 (abs)        02000
__S0                       (abs)        02000
__end_of_scale             text2        01000
__ptext27                  text27       01000
___flneg                   text17       01006
__end_of_Lcd_Port          text27       01006
__ptext17                  text17       01006
___flge                    text18       01013
__end_of___flneg           text17       01013
__ptext18                  text18       01013
__end_of___flge            text18       010B7
__ptext9                   text9        010B7
__tdiv_to_l_               text9        010B7
___fladd                   text16       01174
__end_of__tdiv_to_l_       text9        01174
__ptext16                  text16       01174
__end_of___fladd           text16       014B4
__ptext1                   text1        014B4
_sprintf                   text1        014B4
__pstrings                 strings      01800
__stringtab                strings      01800
__stringbase               strings      0180F
__end_of__stringtab        strings      01810
__powers_                  strings      01810
__end_of__powers_          strings      01844
__npowers_                 strings      01844
__end_of__npowers_         strings      01878
_dpowers                   strings      01878
__end_of_dpowers           strings      018A0
_Lcd_Write_String          text21       018BE
__ptext21                  text21       018BE
___lwdiv                   text8        01904
__end_of_Lcd_Write_String  text21       01904
__ptext8                   text8        01904
_Lcd_Init                  text24       0194A
__end_of___lwdiv           text8        0194A
__ptext24                  text24       0194A
___fleq                    text19       0199A
__end_of_Lcd_Init          text24       0199A
__ptext19                  text19       0199A
___flsub                   text15       019EA
__end_of___fleq            text19       019EA
__ptext15                  text15       019EA
___llmod                   text12       01A3A
__end_of___flsub           text15       01A3A
__ptext12                  text12       01A3A
___awmod                   text3        01A90
__end_of___llmod           text12       01A90
__ptext3                   text3        01A90
___lldiv                   text13       01AEB
__end_of___awmod           text3        01AEB
__ptext13                  text13       01AEB
___awdiv                   text4        01B53
__end_of___lldiv           text13       01B53
__ptext4                   text4        01B53
_ADC_CH0                   text29       01BBC
__end_of___awdiv           text4        01BBC
__ptext29                  text29       01BBC
_ADC_CH1                   text28       01C46
__end_of_ADC_CH0           text29       01C46
__ptext28                  text28       01C46
__end_of_ADC_CH1           text28       01CD1
__pmaintext                maintext     01CD1
_main                      maintext     01CD1
___xxtofl                  text30       01D67
__end_of_main              maintext     01D67
__ptext30                  text30       01D67
___fldiv                   text33       01E23
__end_of___xxtofl          text30       01E23
__ptext33                  text33       01E23
__end_of___fldiv           text33       02000
__Hspace_4                 (abs)        04010
__Hconfig                  config       02009
psplit$0                   (abs)        B0031
