Microchip MPLAB XC8 Compiler V2.31

Linker command line:

-W-3 --edf=C:\Program Files\Microchip\xc8\v2.31\pic\dat\en_msgs.txt -cn \
  -h+dist/default/debug\Lab_3.X.debug.sym \
  --cmf=dist/default/debug\Lab_3.X.debug.cmf -z -Q16F887 \
  -oC:\Users\katha\AppData\Local\Temp\sfjo.2 --defsym=__MPLAB_BUILD=1 \
  -Mdist/default/debug/Lab_3.X.debug.map -E1 -ver=XC8 Compiler --acfsm=1493 \
  -ASTACK=0110h-016Fh -pstack=STACK -ACODE=00h-07FFhx4 -ASTRCODE=00h-01FFFh \
  -ASTRING=00h-0FFhx32 -ACONST=00h-0FFhx32 -AENTRY=00h-0FFhx32 \
  -ACOMMON=070h-07Fh -ABANK0=020h-06Fh -ABANK1=0A0h-0EFh \
  -ABANK2=0110h-016Fh -ABANK3=0190h-01EFh \
  -ARAM=020h-06Fh,0A0h-0EFh,0110h-016Fh,0190h-01EFh \
  -AABS1=020h-07Fh,0A0h-0EFh,0110h-016Fh,0190h-01EFh -ASFR0=00h-01Fh \
  -ASFR1=080h-09Fh -ASFR2=0100h-010Fh -ASFR3=0180h-018Fh \
  -ACONFIG=02007h-02008h -DCONFIG=2 -AIDLOC=02000h-02003h -DIDLOC=2 \
  -AEEDATA=00h-0FFh/02100h -peeprom_data=EEDATA -DEEDATA=2 -DCODE=2 \
  -DSTRCODE=2 -DSTRING=2 -DCONST=2 -DENTRY=2 \
  -preset_vec=00h,intentry,init,end_init -ppowerup=CODE -pcinit=CODE \
  -pfunctab=ENTRY -k C:\Users\katha\AppData\Local\Temp\sfjo.o \
  dist/default/debug\Lab_3.X.debug.o 

Object code version is 3.11

Machine type is 16F887



                Name                               Link     Load   Length Selector   Space Scale
C:\Users\katha\AppData\Local\Temp\sfjo.o
                end_init                              0        0        3        0       0
                config                             2007     2007        2        0       4
dist/default/debug\Lab_3.X.debug.o
                cinit                               7EB      7EB       15      FD6       0
                config                             2007     2007        2        0       4
                text15                               1C       1C       24       38       0
                text14                              FC9      FC9        8     1F92       0
                text13                              2AD      2AD      1DD      55A       0
                text12                               AF       AF       27      15E       0
                text11                              48A      48A      361      914       0
                text10                              1F3      1F3       BA      3E6       0
                text9                               17D      17D       76      2FA       0
                text8                               FC3      FC3        6     1F86       0
                text7                               FE6      FE6       1A     1FCC       0
                text6                               FD9      FD9        D     1FB2       0
                text5                                D6       D6       4B      1AC       0
                text4                                40       40       24       80       0
                text3                                 6        6       16        C       0
                text2                                64       64       25       C8       0
                text1                                89       89       26      112       0
                maintext                            121      121       5C      242       0
                cstackBANK0                          20       20       3B       20       1
                cstackCOMMON                         70       70        E       70       1
                clrtext                             FD1      FD1        8     1FA2       0
                bssBANK1                             A0       A0       10       A0       1
                bssBANK0                             5B       5B        8       20       1
                strings                             800      800       12     1000       0

TOTAL           Name                               Link     Load   Length     Space
        CLASS   STACK          

        CLASS   CODE           
                end_init                              0        0        3         0
                cinit                               7EB      7EB       15         0
                text15                               1C       1C       24         0
                text14                              FC9      FC9        8         0
                text13                              2AD      2AD      1DD         0
                text12                               AF       AF       27         0
                text11                              48A      48A      361         0
                text10                              1F3      1F3       BA         0
                text9                               17D      17D       76         0
                text8                               FC3      FC3        6         0
                text7                               FE6      FE6       1A         0
                text6                               FD9      FD9        D         0
                text5                                D6       D6       4B         0
                text4                                40       40       24         0
                text3                                 6        6       16         0
                text2                                64       64       25         0
                text1                                89       89       26         0
                maintext                            121      121       5C         0
                clrtext                             FD1      FD1        8         0

        CLASS   STRCODE        

        CLASS   STRING         
                strings                             800      800       12         0

        CLASS   CONST          

        CLASS   ENTRY          

        CLASS   COMMON         
                cstackCOMMON                         70       70        E         1

        CLASS   BANK0          
                cstackBANK0                          20       20       3B         1
                bssBANK0                             5B       5B        8         1

        CLASS   BANK1          
                bssBANK1                             A0       A0       10         1

        CLASS   BANK2          

        CLASS   BANK3          

        CLASS   RAM            

        CLASS   ABS1           
                abs_s1                               7E       7E        2         1

        CLASS   SFR0           

        CLASS   SFR1           

        CLASS   SFR2           

        CLASS   SFR3           

        CLASS   CONFIG         
                config                             2007     2007        2         4

        CLASS   IDLOC          

        CLASS   EEDATA         



SEGMENTS        Name                           Load    Length   Top    Selector   Space  Class     Delta

                reset_vec                      000000  000003  000003         0       0  CODE        2
                text3                          000006  000016  00001C         C       0  CODE        2
                cstackBANK0                    000020  000043  000063        20       1  BANK0       1
                text15                         00001C  000024  000040        38       0  CODE        2
                cstackCOMMON                   000070  00000E  00007E        70       1  COMMON      1
                text4                          000040  000024  000064        80       0  CODE        2
                bssBANK1                       0000A0  000010  0000B0        A0       1  BANK1       1
                text2                          000064  000025  000089        C8       0  CODE        2
                text1                          000089  000026  0000AF       112       0  CODE        2
                text12                         0000AF  000027  0000D6       15E       0  CODE        2
                text5                          0000D6  00004B  000121       1AC       0  CODE        2
                maintext                       000121  00005C  00017D       242       0  CODE        2
                text9                          00017D  000076  0001F3       2FA       0  CODE        2
                text10                         0001F3  0000BA  0002AD       3E6       0  CODE        2
                text13                         0002AD  0001DD  00048A       55A       0  CODE        2
                text11                         00048A  000361  0007EB       914       0  CODE        2
                cinit                          0007EB  000015  000800       FD6       0  CODE        2
                strings                        000800  000012  000812      1000       0  STRING      2
                text8                          000FC3  000006  000FC9      1F86       0  CODE        2
                text14                         000FC9  000008  000FD1      1F92       0  CODE        2
                clrtext                        000FD1  000008  000FD9      1FA2       0  CODE        2
                text6                          000FD9  00000D  000FE6      1FB2       0  CODE        2
                text7                          000FE6  00001A  001000      1FCC       0  CODE        2


UNUSED ADDRESS RANGES

        Name                Unused          Largest block    Delta
        BANK0            0063-006F              D           1
        BANK1            00B0-00EF             40           1
        BANK2            0110-016F             60           1
        BANK3            0190-01EF             60           1
        CODE             0003-0005              3           2
                         0812-0FC2            7B1
                         1000-1FFF            800
        CONST            0003-0005              3           2
                         0812-0FC2            100
                         1000-1FFF            100
        EEDATA           2100-21FF            100           2
        ENTRY            0003-0005              3           2
                         0812-0FC2            100
                         1000-1FFF            100
        IDLOC            2000-2003              4           2
        RAM              0063-006F              D           1
                         00B0-00EF             40
                         0110-016F             60
                         0190-01EF             60
        SFR0             0000-001F             20           1
        SFR1             0080-009F             20           1
        SFR2             0100-010F             10           1
        SFR3             0180-018F             10           1
        STACK            0110-016F             60           1
        STRCODE          0003-0005              3           2
                         0812-0FC2            7B1
                         1000-1FFF           1000
        STRING           0003-0005              3           2
                         0812-0FC2            100
                         1000-1FFF            100

                                  Symbol Table

?__Umul8_16                cstackCOMMON 0070
?___fldiv                  cstackBANK0  003A
?___flmul                  cstackBANK0  0020
?___xxtofl                 cstackCOMMON 0070
ADC_ch@channel             cstackCOMMON 0070
ADC_val@ADRES_H            cstackCOMMON 0070
Lcd_Cmd@a                  cstackCOMMON 0073
Lcd_Port@a                 cstackCOMMON 0070
Lcd_Set_Cursor@a           cstackCOMMON 0076
Lcd_Set_Cursor@b           cstackCOMMON 0074
Lcd_Set_Cursor@temp        cstackCOMMON 0077
Lcd_Write_Char@a           cstackCOMMON 0072
Lcd_Write_String@a         cstackCOMMON 0075
Lcd_Write_String@i         cstackCOMMON 0073
_ADCON0                    (abs)        001F
_ADCON0bits                (abs)        001F
_ADCON1                    (abs)        009F
_ADC_CH0                   text9        017D
_ADC_ch                    text15       001C
_ADC_res                   bssBANK0     0062
_ADC_val                   text14       0FC9
_ADRESH                    (abs)        001E
_ADRESL                    (abs)        009E
_ANSEL                     (abs)        0188
_ANSELH                    (abs)        0189
_INTCON                    (abs)        000B
_Lcd_Clear                 text6        0FD9
_Lcd_Cmd                   text7        0FE6
_Lcd_Init                  text5        00D6
_Lcd_Port                  text8        0FC3
_Lcd_Set_Cursor            text4        0040
_Lcd_Write_Char            text3        0006
_Lcd_Write_String          text2        0064
_OPTION_REG                (abs)        0081
_PIE1bits                  (abs)        008C
_PIR1bits                  (abs)        000C
_PORTA                     (abs)        0005
_PORTB                     (abs)        0006
_PORTC                     (abs)        0007
_PORTD                     (abs)        0008
_PORTE                     (abs)        0009
_RE0                       (abs)        0048
_RE1                       (abs)        0049
_TRISA                     (abs)        0085
_TRISB                     (abs)        0086
_TRISC                     (abs)        0087
_TRISD                     (abs)        0088
_TRISE                     (abs)        0089
_VAL1                      bssBANK0     005B
_VALOR_ADC                 bssBANK0     0061
__Habs1                    abs1         0000
__Hbank0                   bank0        0000
__Hbank1                   bank1        0000
__Hbank2                   bank2        0000
__Hbank3                   bank3        0000
__HbssBANK0                bssBANK0     0000
__HbssBANK1                bssBANK1     0000
__Hcinit                   cinit        0800
__Hclrtext                 clrtext      0000
__Hcode                    code         0000
__Hcommon                  common       0000
__Hconfig                  config       2009
__HcstackBANK0             cstackBANK0  0000
__HcstackCOMMON            cstackCOMMON 0000
__Heeprom_data             eeprom_data  0000
__Hend_init                end_init     0003
__Hfunctab                 functab      0000
__Hinit                    init         0000
__Hintentry                intentry     0000
__Hmaintext                maintext     0000
__Hpowerup                 powerup      0000
__Hram                     ram          0000
__Hreset_vec               reset_vec    0000
__Hsfr0                    sfr0         0000
__Hsfr1                    sfr1         0000
__Hsfr2                    sfr2         0000
__Hsfr3                    sfr3         0000
__Hspace_0                 (abs)        1000
__Hspace_1                 (abs)        00B0
__Hspace_2                 (abs)        0000
__Hspace_3                 (abs)        0000
__Hspace_4                 (abs)        4010
__Hstack                   stack        0000
__Hstrings                 strings      0000
__Htext                    text         0000
__Labs1                    abs1         0000
__Lbank0                   bank0        0000
__Lbank1                   bank1        0000
__Lbank2                   bank2        0000
__Lbank3                   bank3        0000
__LbssBANK0                bssBANK0     0000
__LbssBANK1                bssBANK1     0000
__Lcinit                   cinit        07EB
__Lclrtext                 clrtext      0000
__Lcode                    code         0000
__Lcommon                  common       0000
__Lconfig                  config       0000
__LcstackBANK0             cstackBANK0  0000
__LcstackCOMMON            cstackCOMMON 0000
__Leeprom_data             eeprom_data  0000
__Lend_init                end_init     0000
__Lfunctab                 functab      0000
__Linit                    init         0000
__Lintentry                intentry     0000
__Lmaintext                maintext     0000
__Lpowerup                 powerup      0000
__Lram                     ram          0000
__Lreset_vec               reset_vec    0000
__Lsfr0                    sfr0         0000
__Lsfr1                    sfr1         0000
__Lsfr2                    sfr2         0000
__Lsfr3                    sfr3         0000
__Lspace_0                 (abs)        0000
__Lspace_1                 (abs)        0000
__Lspace_2                 (abs)        0000
__Lspace_3                 (abs)        0000
__Lspace_4                 (abs)        0000
__Lstack                   stack        0000
__Lstrings                 strings      0000
__Ltext                    text         0000
__S0                       (abs)        1000
__S1                       (abs)        00B0
__S2                       (abs)        0000
__S3                       (abs)        0000
__Umul8_16                 text12       00AF
__Umul8_16@multiplicand    cstackCOMMON 0070
__Umul8_16@multiplier      cstackCOMMON 0078
__Umul8_16@product         cstackCOMMON 0074
__Umul8_16@word_mpld       cstackCOMMON 0076
___fldiv                   text13       02AD
___fldiv@a                 cstackBANK0  003A
___fldiv@aexp              cstackBANK0  0053
___fldiv@b                 cstackBANK0  003E
___fldiv@bexp              cstackBANK0  0052
___fldiv@grs               cstackBANK0  004E
___fldiv@new_exp           cstackBANK0  004C
___fldiv@rem               cstackBANK0  0047
___fldiv@sign              cstackBANK0  004B
___flmul                   text11       048A
___flmul@a                 cstackBANK0  0024
___flmul@aexp              cstackBANK0  0032
___flmul@b                 cstackBANK0  0020
___flmul@bexp              cstackBANK0  0033
___flmul@grs               cstackBANK0  002E
___flmul@prod              cstackBANK0  0034
___flmul@sign              cstackBANK0  002D
___flmul@temp              cstackBANK0  0038
___int_sp                  stack        0000
___latbits                 (abs)        0002
___sp                      stack        0000
___stackhi                 (abs)        0000
___stacklo                 (abs)        0000
___xxtofl                  text10       01F3
___xxtofl@arg              cstackCOMMON 007A
___xxtofl@exp              cstackCOMMON 0079
___xxtofl@sign             cstackCOMMON 0078
___xxtofl@val              cstackCOMMON 0070
__end_of_ADC_CH0           text9        01F3
__end_of_ADC_ch            text15       0040
__end_of_ADC_val           text14       0FD1
__end_of_Lcd_Clear         text6        0FE6
__end_of_Lcd_Cmd           text7        1000
__end_of_Lcd_Init          text5        0121
__end_of_Lcd_Port          text8        0FC9
__end_of_Lcd_Set_Cursor    text4        0064
__end_of_Lcd_Write_Char    text3        001C
__end_of_Lcd_Write_String  text2        0089
__end_of__Umul8_16         text12       00D6
__end_of___fldiv           text13       048A
__end_of___flmul           text11       07EB
__end_of___xxtofl          text10       02AD
__end_of__initialization   cinit        07FC
__end_of__stringtab        strings      0806
__end_of_main              maintext     017D
__end_of_setup             text1        00AF
__initialization           cinit        07EB
__pbssBANK0                bssBANK0     005B
__pbssBANK1                bssBANK1     00A0
__pcstackBANK0             cstackBANK0  0020
__pcstackCOMMON            cstackCOMMON 0070
__pmaintext                maintext     0121
__pstrings                 strings      0800
__ptext1                   text1        0089
__ptext10                  text10       01F3
__ptext11                  text11       048A
__ptext12                  text12       00AF
__ptext13                  text13       02AD
__ptext14                  text14       0FC9
__ptext15                  text15       001C
__ptext2                   text2        0064
__ptext3                   text3        0006
__ptext4                   text4        0040
__ptext5                   text5        00D6
__ptext6                   text6        0FD9
__ptext7                   text7        0FE6
__ptext8                   text8        0FC3
__ptext9                   text9        017D
__size_of_ADC_CH0          (abs)        0000
__size_of_ADC_ch           (abs)        0000
__size_of_ADC_val          (abs)        0000
__size_of_Lcd_Clear        (abs)        0000
__size_of_Lcd_Cmd          (abs)        0000
__size_of_Lcd_Init         (abs)        0000
__size_of_Lcd_Port         (abs)        0000
__size_of_Lcd_Set_Cursor   (abs)        0000
__size_of_Lcd_Write_Char   (abs)        0000
__size_of_Lcd_Write_String (abs)        0000
__size_of__Umul8_16        (abs)        0000
__size_of___fldiv          (abs)        0000
__size_of___flmul          (abs)        0000
__size_of___xxtofl         (abs)        0000
__size_of_main             (abs)        0000
__size_of_setup            (abs)        0000
__stringbase               strings      0805
__stringtab                strings      0800
_main                      maintext     0121
_setup                     text1        0089
btemp                      (abs)        007E
clear_ram0                 clrtext      0FD1
end_of_initialization      cinit        07FC
intlevel0                  functab      0000
intlevel1                  functab      0000
intlevel2                  functab      0000
intlevel3                  functab      0000
intlevel4                  functab      0000
intlevel5                  functab      0000
reset_vec                  reset_vec    0000
start                      init         0000
start_initialization       cinit        07EB
wtemp0                     (abs)        007E


FUNCTION INFORMATION:

 *************** function _main *****************
 Defined at:
		line 89 in file "main.c"
 Parameters:    Size  Location     Type
		None
 Auto vars:     Size  Location     Type
		None
 Return value:  Size  Location     Type
                  1    wreg      void 
 Registers used:
		wreg, fsr0l, fsr0h, status,2, status,0, btemp+1, pclath, cstack
 Tracked objects:
		On entry : 
		On exit  : 
		Unchanged: 
 Data sizes:     COMMON   BANK0   BANK1   BANK3   BANK2
      Params:         0       0       0       0       0
      Locals:         0       0       0       0       0
      Temps:          0       3       0       0       0
      Totals:         0       3       0       0       0
Total ram usage:        3 bytes
 Hardware stack levels required when called:    3
 This function calls:
		_ADC_CH0
		_Lcd_Clear
		_Lcd_Init
		_Lcd_Set_Cursor
		_Lcd_Write_String
		_setup
 This function is called by:
		Startup code after reset
 This function uses a non-reentrant model


 *************** function _setup *****************
 Defined at:
		line 118 in file "main.c"
 Parameters:    Size  Location     Type
		None
 Auto vars:     Size  Location     Type
		None
 Return value:  Size  Location     Type
                  1    wreg      void 
 Registers used:
		wreg, status,2
 Tracked objects:
		On entry : 
		On exit  : 
		Unchanged: 
 Data sizes:     COMMON   BANK0   BANK1   BANK3   BANK2
      Params:         0       0       0       0       0
      Locals:         0       0       0       0       0
      Temps:          0       0       0       0       0
      Totals:         0       0       0       0       0
Total ram usage:        0 bytes
 Hardware stack levels used:    1
 This function calls:
		Nothing
 This function is called by:
		_main
 This function uses a non-reentrant model


 *************** function _Lcd_Write_String *****************
 Defined at:
		line 132 in file "LCD.c"
 Parameters:    Size  Location     Type
  a               1    wreg     PTR unsigned char 
		 -> STR_3(4), STR_2(4), STR_1(4), 
 Auto vars:     Size  Location     Type
  a               1    5[COMMON] PTR unsigned char 
		 -> STR_3(4), STR_2(4), STR_1(4), 
  i               2    3[COMMON] int 
 Return value:  Size  Location     Type
                  1    wreg      void 
 Registers used:
		wreg, fsr0l, fsr0h, status,2, status,0, pclath, cstack
 Tracked objects:
		On entry : 
		On exit  : 
		Unchanged: 
 Data sizes:     COMMON   BANK0   BANK1   BANK3   BANK2
      Params:         0       0       0       0       0
      Locals:         3       0       0       0       0
      Temps:          0       0       0       0       0
      Totals:         3       0       0       0       0
Total ram usage:        3 bytes
 Hardware stack levels used:    1
 Hardware stack levels required when called:    2
 This function calls:
		_Lcd_Write_Char
 This function is called by:
		_main
 This function uses a non-reentrant model


 *************** function _Lcd_Write_Char *****************
 Defined at:
		line 115 in file "LCD.c"
 Parameters:    Size  Location     Type
  a               1    wreg     unsigned char 
 Auto vars:     Size  Location     Type
  a               1    2[COMMON] unsigned char 
 Return value:  Size  Location     Type
                  1    wreg      void 
 Registers used:
		wreg, status,2, status,0, pclath, cstack
 Tracked objects:
		On entry : 
		On exit  : 
		Unchanged: 
 Data sizes:     COMMON   BANK0   BANK1   BANK3   BANK2
      Params:         0       0       0       0       0
      Locals:         1       0       0       0       0
      Temps:          1       0       0       0       0
      Totals:         2       0       0       0       0
Total ram usage:        2 bytes
 Hardware stack levels used:    1
 Hardware stack levels required when called:    1
 This function calls:
		_Lcd_Port
 This function is called by:
		_Lcd_Write_String
 This function uses a non-reentrant model


 *************** function _Lcd_Set_Cursor *****************
 Defined at:
		line 75 in file "LCD.c"
 Parameters:    Size  Location     Type
  a               1    wreg     unsigned char 
  b               1    4[COMMON] unsigned char 
 Auto vars:     Size  Location     Type
  a               1    6[COMMON] unsigned char 
  temp            1    7[COMMON] unsigned char 
 Return value:  Size  Location     Type
                  1    wreg      void 
 Registers used:
		wreg, status,2, status,0, pclath, cstack
 Tracked objects:
		On entry : 
		On exit  : 
		Unchanged: 
 Data sizes:     COMMON   BANK0   BANK1   BANK3   BANK2
      Params:         1       0       0       0       0
      Locals:         2       0       0       0       0
      Temps:          1       0       0       0       0
      Totals:         4       0       0       0       0
Total ram usage:        4 bytes
 Hardware stack levels used:    1
 Hardware stack levels required when called:    2
 This function calls:
		_Lcd_Cmd
 This function is called by:
		_main
 This function uses a non-reentrant model


 *************** function _Lcd_Init *****************
 Defined at:
		line 96 in file "LCD.c"
 Parameters:    Size  Location     Type
		None
 Auto vars:     Size  Location     Type
		None
 Return value:  Size  Location     Type
                  1    wreg      void 
 Registers used:
		wreg, status,2, status,0, pclath, cstack
 Tracked objects:
		On entry : 
		On exit  : 
		Unchanged: 
 Data sizes:     COMMON   BANK0   BANK1   BANK3   BANK2
      Params:         0       0       0       0       0
      Locals:         0       0       0       0       0
      Temps:          2       0       0       0       0
      Totals:         2       0       0       0       0
Total ram usage:        2 bytes
 Hardware stack levels used:    1
 Hardware stack levels required when called:    2
 This function calls:
		_Lcd_Cmd
		_Lcd_Port
 This function is called by:
		_main
 This function uses a non-reentrant model


 *************** function _Lcd_Clear *****************
 Defined at:
		line 69 in file "LCD.c"
 Parameters:    Size  Location     Type
		None
 Auto vars:     Size  Location     Type
		None
 Return value:  Size  Location     Type
                  1    wreg      void 
 Registers used:
		wreg, status,2, status,0, pclath, cstack
 Tracked objects:
		On entry : 
		On exit  : 
		Unchanged: 
 Data sizes:     COMMON   BANK0   BANK1   BANK3   BANK2
      Params:         0       0       0       0       0
      Locals:         0       0       0       0       0
      Temps:          0       0       0       0       0
      Totals:         0       0       0       0       0
Total ram usage:        0 bytes
 Hardware stack levels used:    1
 Hardware stack levels required when called:    2
 This function calls:
		_Lcd_Cmd
 This function is called by:
		_main
 This function uses a non-reentrant model


 *************** function _Lcd_Cmd *****************
 Defined at:
		line 60 in file "LCD.c"
 Parameters:    Size  Location     Type
  a               1    wreg     unsigned char 
 Auto vars:     Size  Location     Type
  a               1    3[COMMON] unsigned char 
 Return value:  Size  Location     Type
                  1    wreg      void 
 Registers used:
		wreg, status,2, status,0, pclath, cstack
 Tracked objects:
		On entry : 
		On exit  : 
		Unchanged: 
 Data sizes:     COMMON   BANK0   BANK1   BANK3   BANK2
      Params:         0       0       0       0       0
      Locals:         1       0       0       0       0
      Temps:          2       0       0       0       0
      Totals:         3       0       0       0       0
Total ram usage:        3 bytes
 Hardware stack levels used:    1
 Hardware stack levels required when called:    1
 This function calls:
		_Lcd_Port
 This function is called by:
		_Lcd_Clear
		_Lcd_Set_Cursor
		_Lcd_Init
		_Lcd_Shift_Right
		_Lcd_Shift_Left
 This function uses a non-reentrant model


 *************** function _Lcd_Port *****************
 Defined at:
		line 17 in file "LCD.c"
 Parameters:    Size  Location     Type
  a               1    wreg     unsigned char 
 Auto vars:     Size  Location     Type
  a               1    0[COMMON] unsigned char 
 Return value:  Size  Location     Type
                  1    wreg      void 
 Registers used:
		wreg
 Tracked objects:
		On entry : 
		On exit  : 
		Unchanged: 
 Data sizes:     COMMON   BANK0   BANK1   BANK3   BANK2
      Params:         0       0       0       0       0
      Locals:         1       0       0       0       0
      Temps:          0       0       0       0       0
      Totals:         1       0       0       0       0
Total ram usage:        1 bytes
 Hardware stack levels used:    1
 This function calls:
		Nothing
 This function is called by:
		_Lcd_Cmd
		_Lcd_Init
		_Lcd_Write_Char
 This function uses a non-reentrant model


 *************** function _ADC_CH0 *****************
 Defined at:
		line 150 in file "main.c"
 Parameters:    Size  Location     Type
		None
 Auto vars:     Size  Location     Type
		None
 Return value:  Size  Location     Type
                  1    wreg      void 
 Registers used:
		wreg, fsr0l, fsr0h, status,2, status,0, btemp+1, pclath, cstack
 Tracked objects:
		On entry : 
		On exit  : 
		Unchanged: 
 Data sizes:     COMMON   BANK0   BANK1   BANK3   BANK2
      Params:         0       0       0       0       0
      Locals:         0       0       0       0       0
      Temps:          0       4       0       0       0
      Totals:         0       4       0       0       0
Total ram usage:        4 bytes
 Hardware stack levels used:    1
 Hardware stack levels required when called:    2
 This function calls:
		_ADC_ch
		_ADC_val
		___fldiv
		___flmul
		___xxtofl
 This function is called by:
		_main
 This function uses a non-reentrant model


 *************** function ___xxtofl *****************
 Defined at:
		line 10 in file "C:\Program Files\Microchip\xc8\v2.31\pic\sources\c90\common\xxtofl.c"
 Parameters:    Size  Location     Type
  sign            1    wreg     unsigned char 
  val             4    0[COMMON] long 
 Auto vars:     Size  Location     Type
  sign            1    8[COMMON] unsigned char 
  arg             4   10[COMMON] unsigned long 
  exp             1    9[COMMON] unsigned char 
 Return value:  Size  Location     Type
                  4    0[COMMON] unsigned char 
 Registers used:
		wreg, status,2, status,0
 Tracked objects:
		On entry : 
		On exit  : 
		Unchanged: 
 Data sizes:     COMMON   BANK0   BANK1   BANK3   BANK2
      Params:         4       0       0       0       0
      Locals:         6       0       0       0       0
      Temps:          4       0       0       0       0
      Totals:        14       0       0       0       0
Total ram usage:       14 bytes
 Hardware stack levels used:    1
 This function calls:
		Nothing
 This function is called by:
		_ADC_CH0
 This function uses a non-reentrant model


 *************** function ___flmul *****************
 Defined at:
		line 8 in file "C:\Program Files\Microchip\xc8\v2.31\pic\sources\c90\common\sprcmul.c"
 Parameters:    Size  Location     Type
  b               4    0[BANK0 ] unsigned char 
  a               4    4[BANK0 ] unsigned char 
 Auto vars:     Size  Location     Type
  prod            4   20[BANK0 ] struct .
  grs             4   14[BANK0 ] unsigned long 
  temp            2   24[BANK0 ] struct .
  bexp            1   19[BANK0 ] unsigned char 
  aexp            1   18[BANK0 ] unsigned char 
  sign            1   13[BANK0 ] unsigned char 
 Return value:  Size  Location     Type
                  4    0[BANK0 ] unsigned char 
 Registers used:
		wreg, status,2, status,0, btemp+1, pclath, cstack
 Tracked objects:
		On entry : 
		On exit  : 
		Unchanged: 
 Data sizes:     COMMON   BANK0   BANK1   BANK3   BANK2
      Params:         0       8       0       0       0
      Locals:         0      13       0       0       0
      Temps:          0       5       0       0       0
      Totals:         0      26       0       0       0
Total ram usage:       26 bytes
 Hardware stack levels used:    1
 Hardware stack levels required when called:    1
 This function calls:
		__Umul8_16
 This function is called by:
		_ADC_CH0
 This function uses a non-reentrant model


 *************** function __Umul8_16 *****************
 Defined at:
		line 4 in file "C:\Program Files\Microchip\xc8\v2.31\pic\sources\c90\common\Umul8_16.c"
 Parameters:    Size  Location     Type
  multiplier      1    wreg     unsigned char 
  multiplicand    1    0[COMMON] unsigned char 
 Auto vars:     Size  Location     Type
  multiplier      1    8[COMMON] unsigned char 
  word_mpld       2    6[COMMON] unsigned int 
  product         2    4[COMMON] unsigned int 
 Return value:  Size  Location     Type
                  2    0[COMMON] unsigned int 
 Registers used:
		wreg, status,2, status,0
 Tracked objects:
		On entry : 
		On exit  : 
		Unchanged: 
 Data sizes:     COMMON   BANK0   BANK1   BANK3   BANK2
      Params:         2       0       0       0       0
      Locals:         5       0       0       0       0
      Temps:          2       0       0       0       0
      Totals:         9       0       0       0       0
Total ram usage:        9 bytes
 Hardware stack levels used:    1
 This function calls:
		Nothing
 This function is called by:
		___flmul
 This function uses a non-reentrant model


 *************** function ___fldiv *****************
 Defined at:
		line 8 in file "C:\Program Files\Microchip\xc8\v2.31\pic\sources\c90\common\sprcdiv.c"
 Parameters:    Size  Location     Type
  a               4   26[BANK0 ] unsigned int 
  b               4   30[BANK0 ] unsigned int 
 Auto vars:     Size  Location     Type
  grs             4   46[BANK0 ] unsigned long 
  rem             4   39[BANK0 ] unsigned long 
  new_exp         2   44[BANK0 ] int 
  aexp            1   51[BANK0 ] unsigned char 
  bexp            1   50[BANK0 ] unsigned char 
  sign            1   43[BANK0 ] unsigned char 
 Return value:  Size  Location     Type
                  4   26[BANK0 ] unsigned char 
 Registers used:
		wreg, status,2, status,0, btemp+1
 Tracked objects:
		On entry : 
		On exit  : 
		Unchanged: 
 Data sizes:     COMMON   BANK0   BANK1   BANK3   BANK2
      Params:         0       8       0       0       0
      Locals:         0      13       0       0       0
      Temps:          0       5       0       0       0
      Totals:         0      26       0       0       0
Total ram usage:       26 bytes
 Hardware stack levels used:    1
 This function calls:
		Nothing
 This function is called by:
		_ADC_CH0
 This function uses a non-reentrant model


 *************** function _ADC_val *****************
 Defined at:
		line 12 in file "ADC.c"
 Parameters:    Size  Location     Type
  ADRES_L         1    wreg     unsigned char 
  ADRES_H         1    0[COMMON] unsigned char 
 Auto vars:     Size  Location     Type
  ADRES_L         1    0[COMMON] unsigned char 
 Return value:  Size  Location     Type
                  1    wreg      unsigned char 
 Registers used:
		wreg
 Tracked objects:
		On entry : 
		On exit  : 
		Unchanged: 
 Data sizes:     COMMON   BANK0   BANK1   BANK3   BANK2
      Params:         1       0       0       0       0
      Locals:         0       0       0       0       0
      Temps:          1       0       0       0       0
      Totals:         2       0       0       0       0
Total ram usage:        2 bytes
 Hardware stack levels used:    1
 This function calls:
		Nothing
 This function is called by:
		_ADC_CH0
 This function uses a non-reentrant model


 *************** function _ADC_ch *****************
 Defined at:
		line 18 in file "ADC.c"
 Parameters:    Size  Location     Type
  channel         2    0[COMMON] unsigned short 
 Auto vars:     Size  Location     Type
		None
 Return value:  Size  Location     Type
                  2    0[COMMON] unsigned int 
 Registers used:
		wreg, fsr0l, fsr0h, status,2, status,0
 Tracked objects:
		On entry : 
		On exit  : 
		Unchanged: 
 Data sizes:     COMMON   BANK0   BANK1   BANK3   BANK2
      Params:         2       0       0       0       0
      Locals:         0       0       0       0       0
      Temps:          0       0       0       0       0
      Totals:         2       0       0       0       0
Total ram usage:        2 bytes
 Hardware stack levels used:    1
 This function calls:
		Nothing
 This function is called by:
		_ADC_CH0
 This function uses a non-reentrant model



MODULE INFORMATION

Module		Function		Class		Link	Load	Size
C:\Program Files\Microchip\xc8\v2.31\pic\sources\c90\common\sprcmul.c
		___flmul       		CODE           	048A	0000	865

C:\Program Files\Microchip\xc8\v2.31\pic\sources\c90\common\sprcmul.c estimated size: 865

C:\Program Files\Microchip\xc8\v2.31\pic\sources\c90\common\sprcdiv.c
		___fldiv       		CODE           	02AD	0000	477

C:\Program Files\Microchip\xc8\v2.31\pic\sources\c90\common\sprcdiv.c estimated size: 477

C:\Program Files\Microchip\xc8\v2.31\pic\sources\c90\common\Umul8_16.c
		__Umul8_16     		CODE           	00AF	0000	39

C:\Program Files\Microchip\xc8\v2.31\pic\sources\c90\common\Umul8_16.c estimated size: 39

shared
		__stringtab    		STRING         	0800	0000	6
		__initialization		CODE           	07EB	0000	17

shared estimated size: 23

C:\Program Files\Microchip\xc8\v2.31\pic\sources\c90\common\xxtofl.c
		___xxtofl      		CODE           	01F3	0000	186

C:\Program Files\Microchip\xc8\v2.31\pic\sources\c90\common\xxtofl.c estimated size: 186

ADC.c
		_ADC_ch        		CODE           	001C	0000	36
		_ADC_val       		CODE           	0FC9	0000	8

ADC.c estimated size: 44

main.c
		_main          		CODE           	0121	0000	92
		_ADC_CH0       		CODE           	017D	0000	118
		_setup         		CODE           	0089	0000	38

main.c estimated size: 248

LCD.c
		_Lcd_Write_String		CODE           	0064	0000	37
		_Lcd_Init      		CODE           	00D6	0000	75
		_Lcd_Write_Char		CODE           	0006	0000	22
		_Lcd_Cmd       		CODE           	0FE6	0000	26
		_Lcd_Set_Cursor		CODE           	0040	0000	36
		_Lcd_Clear     		CODE           	0FD9	0000	13
		_Lcd_Port      		CODE           	0FC3	0000	6

LCD.c estimated size: 215

