<?xml version="1.0" encoding="ISO-8859-1" ?>
<link_info>
   <banner>TI ARM Linker PC v20.2.4.LTS</banner>
   <copyright>Copyright (c) 1996-2018 Texas Instruments Incorporated</copyright>
   <link_time>0x60a40d48</link_time>
   <link_errors>0x0</link_errors>
   <output_file>Proyecto_4.out</output_file>
   <entry_point>
      <name>_c_int00_noargs</name>
      <address>0x311d</address>
   </entry_point>
   <input_file_list>
      <input_file id="fl-2">
         <path>.\</path>
         <kind>object</kind>
         <file>main.obj</file>
         <name>main.obj</name>
      </input_file>
      <input_file id="fl-3">
         <path>.\</path>
         <kind>object</kind>
         <file>tm4c123gh6pm_startup_ccs.obj</file>
         <name>tm4c123gh6pm_startup_ccs.obj</name>
      </input_file>
      <input_file id="fl-8">
         <kind>object</kind>
         <file>&lt;internal&gt;</file>
         <name>&lt;internal&gt;</name>
      </input_file>
      <input_file id="fl-9">
         <path>C:\ti\TivaWare_C_Series-2.1.4.178\driverlib\ccs\Debug\</path>
         <kind>archive</kind>
         <file>driverlib.lib</file>
         <name>cpu.obj</name>
      </input_file>
      <input_file id="fl-bf">
         <path>C:\ti\ccs1031\ccs\tools\compiler\ti-cgt-arm_20.2.4.LTS\lib\</path>
         <kind>archive</kind>
         <file>rtsv7M4_T_le_v4SPD16_eabi.lib</file>
         <name>copy_zero_init.c.obj</name>
      </input_file>
      <input_file id="fl-c0">
         <path>C:\ti\ccs1031\ccs\tools\compiler\ti-cgt-arm_20.2.4.LTS\lib\</path>
         <kind>archive</kind>
         <file>rtsv7M4_T_le_v4SPD16_eabi.lib</file>
         <name>copy_decompress_none.c.obj</name>
      </input_file>
      <input_file id="fl-c1">
         <path>C:\ti\ccs1031\ccs\tools\compiler\ti-cgt-arm_20.2.4.LTS\lib\</path>
         <kind>archive</kind>
         <file>rtsv7M4_T_le_v4SPD16_eabi.lib</file>
         <name>copy_decompress_lzss.c.obj</name>
      </input_file>
      <input_file id="fl-c2">
         <path>C:\ti\ccs1031\ccs\tools\compiler\ti-cgt-arm_20.2.4.LTS\lib\</path>
         <kind>archive</kind>
         <file>rtsv7M4_T_le_v4SPD16_eabi.lib</file>
         <name>boot_cortex_m.c.obj</name>
      </input_file>
      <input_file id="fl-c3">
         <path>C:\ti\ccs1031\ccs\tools\compiler\ti-cgt-arm_20.2.4.LTS\lib\</path>
         <kind>archive</kind>
         <file>rtsv7M4_T_le_v4SPD16_eabi.lib</file>
         <name>memset_t2.asm.obj</name>
      </input_file>
      <input_file id="fl-c4">
         <path>C:\ti\ccs1031\ccs\tools\compiler\ti-cgt-arm_20.2.4.LTS\lib\</path>
         <kind>archive</kind>
         <file>rtsv7M4_T_le_v4SPD16_eabi.lib</file>
         <name>memcpy_t2.asm.obj</name>
      </input_file>
      <input_file id="fl-c5">
         <path>C:\ti\ccs1031\ccs\tools\compiler\ti-cgt-arm_20.2.4.LTS\lib\</path>
         <kind>archive</kind>
         <file>rtsv7M4_T_le_v4SPD16_eabi.lib</file>
         <name>autoinit.c.obj</name>
      </input_file>
      <input_file id="fl-c6">
         <path>C:\ti\ccs1031\ccs\tools\compiler\ti-cgt-arm_20.2.4.LTS\lib\</path>
         <kind>archive</kind>
         <file>rtsv7M4_T_le_v4SPD16_eabi.lib</file>
         <name>pre_init.c.obj</name>
      </input_file>
      <input_file id="fl-c7">
         <path>C:\ti\ccs1031\ccs\tools\compiler\ti-cgt-arm_20.2.4.LTS\lib\</path>
         <kind>archive</kind>
         <file>rtsv7M4_T_le_v4SPD16_eabi.lib</file>
         <name>cpy_tbl.c.obj</name>
      </input_file>
      <input_file id="fl-c8">
         <path>C:\ti\ccs1031\ccs\tools\compiler\ti-cgt-arm_20.2.4.LTS\lib\</path>
         <kind>archive</kind>
         <file>rtsv7M4_T_le_v4SPD16_eabi.lib</file>
         <name>exit.c.obj</name>
      </input_file>
      <input_file id="fl-c9">
         <path>C:\ti\ccs1031\ccs\tools\compiler\ti-cgt-arm_20.2.4.LTS\lib\</path>
         <kind>archive</kind>
         <file>rtsv7M4_T_le_v4SPD16_eabi.lib</file>
         <name>_lock.c.obj</name>
      </input_file>
      <input_file id="fl-ca">
         <path>C:\ti\ccs1031\ccs\tools\compiler\ti-cgt-arm_20.2.4.LTS\lib\</path>
         <kind>archive</kind>
         <file>rtsv7M4_T_le_v4SPD16_eabi.lib</file>
         <name>args_main.c.obj</name>
      </input_file>
   </input_file_list>
   <object_component_list>
      <object_component id="oc-12">
         <name>.intvecs</name>
         <load_address>0x0</load_address>
         <run_address>0x0</run_address>
         <size>0x26c</size>
         <input_file_ref idref="fl-3"/>
      </object_component>
      <object_component id="oc-9b">
         <name>.text</name>
         <load_address>0x26c</load_address>
         <run_address>0x26c</run_address>
         <size>0x2d68</size>
         <input_file_ref idref="fl-2"/>
      </object_component>
      <object_component id="oc-3b">
         <name>.text</name>
         <load_address>0x2fd4</load_address>
         <run_address>0x2fd4</run_address>
         <size>0x9c</size>
         <input_file_ref idref="fl-c4"/>
      </object_component>
      <object_component id="oc-15">
         <name>.text:decompress:lzss:__TI_decompress_lzss</name>
         <load_address>0x3070</load_address>
         <run_address>0x3070</run_address>
         <size>0x68</size>
         <input_file_ref idref="fl-c1"/>
      </object_component>
      <object_component id="oc-132">
         <name>.text:__TI_auto_init_nobinit_nopinit:__TI_auto_init_nobinit_nopinit</name>
         <load_address>0x30d8</load_address>
         <run_address>0x30d8</run_address>
         <size>0x44</size>
         <input_file_ref idref="fl-c5"/>
      </object_component>
      <object_component id="oc-59">
         <name>.text:_c_int00_noargs:_c_int00_noargs</name>
         <load_address>0x311c</load_address>
         <run_address>0x311c</run_address>
         <size>0x34</size>
         <input_file_ref idref="fl-c2"/>
      </object_component>
      <object_component id="oc-47">
         <name>.text:decompress:ZI:__TI_zero_init_nomemset:__TI_zero_init_nomemset</name>
         <load_address>0x3150</load_address>
         <run_address>0x3150</run_address>
         <size>0x1c</size>
         <input_file_ref idref="fl-bf"/>
      </object_component>
      <object_component id="oc-1b">
         <name>.text:decompress:none:__TI_decompress_none</name>
         <load_address>0x316c</load_address>
         <run_address>0x316c</run_address>
         <size>0xe</size>
         <input_file_ref idref="fl-c0"/>
      </object_component>
      <object_component id="oc-e1">
         <name>.text:CPUcpsid</name>
         <load_address>0x317a</load_address>
         <run_address>0x317a</run_address>
         <size>0xc</size>
         <input_file_ref idref="fl-9"/>
      </object_component>
      <object_component id="oc-db">
         <name>.text:CPUcpsie</name>
         <load_address>0x3186</load_address>
         <run_address>0x3186</run_address>
         <size>0xc</size>
         <input_file_ref idref="fl-9"/>
      </object_component>
      <object_component id="oc-27">
         <name>.text</name>
         <load_address>0x3192</load_address>
         <run_address>0x3192</run_address>
         <size>0xc</size>
         <input_file_ref idref="fl-3"/>
      </object_component>
      <object_component id="oc-f3">
         <name>.text:CPUbasepriGet</name>
         <load_address>0x319e</load_address>
         <run_address>0x319e</run_address>
         <size>0xa</size>
         <input_file_ref idref="fl-9"/>
      </object_component>
      <object_component id="oc-ed">
         <name>.text:CPUbasepriSet</name>
         <load_address>0x31a8</load_address>
         <run_address>0x31a8</run_address>
         <size>0x6</size>
         <input_file_ref idref="fl-9"/>
      </object_component>
      <object_component id="oc-da">
         <name>.text:SysCtlDelay</name>
         <load_address>0x31ae</load_address>
         <run_address>0x31ae</run_address>
         <size>0x6</size>
         <input_file_ref idref="fl-2"/>
      </object_component>
      <object_component id="oc-cb">
         <name>.text:CPUwfi</name>
         <load_address>0x31b4</load_address>
         <run_address>0x31b4</run_address>
         <size>0x4</size>
         <input_file_ref idref="fl-9"/>
      </object_component>
      <object_component id="oc-95">
         <name>.text:_system_pre_init</name>
         <load_address>0x31b8</load_address>
         <run_address>0x31b8</run_address>
         <size>0x4</size>
         <input_file_ref idref="fl-c6"/>
      </object_component>
      <object_component id="oc-126">
         <name>.text:abort:abort</name>
         <load_address>0x31bc</load_address>
         <run_address>0x31bc</run_address>
         <size>0x4</size>
         <input_file_ref idref="fl-c8"/>
      </object_component>
      <object_component id="oc-d7">
         <name>.const:g_pppui32XTALtoVCO</name>
         <load_address>0x31c0</load_address>
         <run_address>0x31c0</run_address>
         <size>0x1b0</size>
         <input_file_ref idref="fl-2"/>
      </object_component>
      <object_component id="oc-10b">
         <name>.const:g_ppui32GPIOIntMapSnowflake</name>
         <load_address>0x3370</load_address>
         <run_address>0x3370</run_address>
         <size>0xd8</size>
         <input_file_ref idref="fl-2"/>
      </object_component>
      <object_component id="oc-108">
         <name>.const:g_ppui32GPIOIntMapBlizzard</name>
         <load_address>0x3448</load_address>
         <run_address>0x3448</run_address>
         <size>0xc0</size>
         <input_file_ref idref="fl-2"/>
      </object_component>
      <object_component id="oc-f9">
         <name>.const:g_pui32Regs</name>
         <load_address>0x3508</load_address>
         <run_address>0x3508</run_address>
         <size>0x9c</size>
         <input_file_ref idref="fl-2"/>
      </object_component>
      <object_component id="oc-10e">
         <name>.const:g_pui32GPIOBaseAddrs</name>
         <load_address>0x35a4</load_address>
         <run_address>0x35a4</run_address>
         <size>0x90</size>
         <input_file_ref idref="fl-2"/>
      </object_component>
      <object_component id="oc-d1">
         <name>.const:g_pui32Xtals</name>
         <load_address>0x3634</load_address>
         <run_address>0x3634</run_address>
         <size>0x6c</size>
         <input_file_ref idref="fl-2"/>
      </object_component>
      <object_component id="oc-111">
         <name>.const:g_ppui32TimerIntMap</name>
         <load_address>0x36a0</load_address>
         <run_address>0x36a0</run_address>
         <size>0x60</size>
         <input_file_ref idref="fl-2"/>
      </object_component>
      <object_component id="oc-114">
         <name>.const:g_ppui32TimerIntMapSnowflake</name>
         <load_address>0x3700</load_address>
         <run_address>0x3700</run_address>
         <size>0x40</size>
         <input_file_ref idref="fl-2"/>
      </object_component>
      <object_component id="oc-117">
         <name>.const:g_ppui32UARTIntMap</name>
         <load_address>0x3740</load_address>
         <run_address>0x3740</run_address>
         <size>0x40</size>
         <input_file_ref idref="fl-2"/>
      </object_component>
      <object_component id="oc-11a">
         <name>.const:g_ppui32UARTIntMapSnowflake</name>
         <load_address>0x3780</load_address>
         <run_address>0x3780</run_address>
         <size>0x40</size>
         <input_file_ref idref="fl-2"/>
      </object_component>
      <object_component id="oc-c8">
         <name>.const:g_sXTALtoMEMTIM</name>
         <load_address>0x37c0</load_address>
         <run_address>0x37c0</run_address>
         <size>0x30</size>
         <input_file_ref idref="fl-2"/>
      </object_component>
      <object_component id="oc-ea">
         <name>.const:g_pui32Priority</name>
         <load_address>0x37f0</load_address>
         <run_address>0x37f0</run_address>
         <size>0x20</size>
         <input_file_ref idref="fl-2"/>
      </object_component>
      <object_component id="oc-ff">
         <name>.const:g_pui32Dii16Regs</name>
         <load_address>0x3810</load_address>
         <run_address>0x3810</run_address>
         <size>0x14</size>
         <input_file_ref idref="fl-2"/>
      </object_component>
      <object_component id="oc-fc">
         <name>.const:g_pui32EnRegs</name>
         <load_address>0x3824</load_address>
         <run_address>0x3824</run_address>
         <size>0x14</size>
         <input_file_ref idref="fl-2"/>
      </object_component>
      <object_component id="oc-102">
         <name>.const:g_pui32PendRegs</name>
         <load_address>0x3838</load_address>
         <run_address>0x3838</run_address>
         <size>0x14</size>
         <input_file_ref idref="fl-2"/>
      </object_component>
      <object_component id="oc-105">
         <name>.const:g_pui32UnpendRegs</name>
         <load_address>0x384c</load_address>
         <run_address>0x384c</run_address>
         <size>0x14</size>
         <input_file_ref idref="fl-2"/>
      </object_component>
      <object_component id="oc-d4">
         <name>.const:g_pui32VCOFrequencies</name>
         <load_address>0x3860</load_address>
         <run_address>0x3860</run_address>
         <size>0x8</size>
         <input_file_ref idref="fl-2"/>
      </object_component>
      <object_component id="oc-218">
         <name>__TI_handler_table</name>
         <load_address>0x3868</load_address>
         <run_address>0x3868</run_address>
         <size>0xc</size>
      </object_component>
      <object_component id="oc-21a">
         <name>.cinit..vtable.load</name>
         <load_address>0x3878</load_address>
         <run_address>0x3878</run_address>
         <size>0x8</size>
      </object_component>
      <object_component id="oc-21b">
         <name>.cinit..data.load</name>
         <load_address>0x3880</load_address>
         <run_address>0x3880</run_address>
         <size>0x7</size>
      </object_component>
      <object_component id="oc-219">
         <name>__TI_cinit_table</name>
         <load_address>0x3888</load_address>
         <run_address>0x3888</run_address>
         <size>0x10</size>
      </object_component>
      <object_component id="oc-e7">
         <name>.vtable</name>
         <uninitialized>true</uninitialized>
         <run_address>0x20000000</run_address>
         <size>0x26c</size>
         <input_file_ref idref="fl-2"/>
      </object_component>
      <object_component id="oc-11d">
         <name>.data</name>
         <load_address>0x2000026c</load_address>
         <run_address>0x2000026c</run_address>
         <size>0x4</size>
         <input_file_ref idref="fl-2"/>
      </object_component>
      <object_component id="oc-24">
         <name>.stack</name>
         <uninitialized>true</uninitialized>
         <run_address>0x20000270</run_address>
         <size>0x4</size>
         <input_file_ref idref="fl-c2"/>
      </object_component>
      <object_component id="oc-21d">
         <name>.stack</name>
         <uninitialized>true</uninitialized>
         <run_address>0x20000270</run_address>
         <size>0x0</size>
      </object_component>
      <object_component id="oc-b7">
         <name>.debug_info</name>
         <load_address>0x0</load_address>
         <run_address>0x0</run_address>
         <size>0x63b</size>
         <input_file_ref idref="fl-2"/>
      </object_component>
      <object_component id="oc-d2">
         <name>.debug_info</name>
         <load_address>0x63b</load_address>
         <run_address>0x63b</run_address>
         <size>0xd4</size>
         <input_file_ref idref="fl-2"/>
      </object_component>
      <object_component id="oc-d8">
         <name>.debug_info</name>
         <load_address>0x70f</load_address>
         <run_address>0x70f</run_address>
         <size>0xe0</size>
         <input_file_ref idref="fl-2"/>
      </object_component>
      <object_component id="oc-c9">
         <name>.debug_info</name>
         <load_address>0x7ef</load_address>
         <run_address>0x7ef</run_address>
         <size>0xda</size>
         <input_file_ref idref="fl-2"/>
      </object_component>
      <object_component id="oc-d5">
         <name>.debug_info</name>
         <load_address>0x8c9</load_address>
         <run_address>0x8c9</run_address>
         <size>0xe7</size>
         <input_file_ref idref="fl-2"/>
      </object_component>
      <object_component id="oc-eb">
         <name>.debug_info</name>
         <load_address>0x9b0</load_address>
         <run_address>0x9b0</run_address>
         <size>0xda</size>
         <input_file_ref idref="fl-2"/>
      </object_component>
      <object_component id="oc-fa">
         <name>.debug_info</name>
         <load_address>0xa8a</load_address>
         <run_address>0xa8a</run_address>
         <size>0xd2</size>
         <input_file_ref idref="fl-2"/>
      </object_component>
      <object_component id="oc-fd">
         <name>.debug_info</name>
         <load_address>0xb5c</load_address>
         <run_address>0xb5c</run_address>
         <size>0xd6</size>
         <input_file_ref idref="fl-2"/>
      </object_component>
      <object_component id="oc-100">
         <name>.debug_info</name>
         <load_address>0xc32</load_address>
         <run_address>0xc32</run_address>
         <size>0xdc</size>
         <input_file_ref idref="fl-2"/>
      </object_component>
      <object_component id="oc-103">
         <name>.debug_info</name>
         <load_address>0xd0e</load_address>
         <run_address>0xd0e</run_address>
         <size>0xda</size>
         <input_file_ref idref="fl-2"/>
      </object_component>
      <object_component id="oc-106">
         <name>.debug_info</name>
         <load_address>0xde8</load_address>
         <run_address>0xde8</run_address>
         <size>0xde</size>
         <input_file_ref idref="fl-2"/>
      </object_component>
      <object_component id="oc-e8">
         <name>.debug_info</name>
         <load_address>0xec6</load_address>
         <run_address>0xec6</run_address>
         <size>0xdb</size>
         <input_file_ref idref="fl-2"/>
      </object_component>
      <object_component id="oc-109">
         <name>.debug_info</name>
         <load_address>0xfa1</load_address>
         <run_address>0xfa1</run_address>
         <size>0xf0</size>
         <input_file_ref idref="fl-2"/>
      </object_component>
      <object_component id="oc-10c">
         <name>.debug_info</name>
         <load_address>0x1091</load_address>
         <run_address>0x1091</run_address>
         <size>0xf2</size>
         <input_file_ref idref="fl-2"/>
      </object_component>
      <object_component id="oc-10f">
         <name>.debug_info</name>
         <load_address>0x1183</load_address>
         <run_address>0x1183</run_address>
         <size>0xe4</size>
         <input_file_ref idref="fl-2"/>
      </object_component>
      <object_component id="oc-112">
         <name>.debug_info</name>
         <load_address>0x1267</load_address>
         <run_address>0x1267</run_address>
         <size>0xe2</size>
         <input_file_ref idref="fl-2"/>
      </object_component>
      <object_component id="oc-115">
         <name>.debug_info</name>
         <load_address>0x1349</load_address>
         <run_address>0x1349</run_address>
         <size>0xf4</size>
         <input_file_ref idref="fl-2"/>
      </object_component>
      <object_component id="oc-118">
         <name>.debug_info</name>
         <load_address>0x143d</load_address>
         <run_address>0x143d</run_address>
         <size>0xe0</size>
         <input_file_ref idref="fl-2"/>
      </object_component>
      <object_component id="oc-11b">
         <name>.debug_info</name>
         <load_address>0x151d</load_address>
         <run_address>0x151d</run_address>
         <size>0xf2</size>
         <input_file_ref idref="fl-2"/>
      </object_component>
      <object_component id="oc-11e">
         <name>.debug_info</name>
         <load_address>0x160f</load_address>
         <run_address>0x160f</run_address>
         <size>0xcb</size>
         <input_file_ref idref="fl-2"/>
      </object_component>
      <object_component id="oc-9c">
         <name>.debug_info</name>
         <load_address>0x16da</load_address>
         <run_address>0x16da</run_address>
         <size>0xe8e4</size>
         <input_file_ref idref="fl-2"/>
      </object_component>
      <object_component id="oc-166">
         <name>.debug_info</name>
         <load_address>0xffbe</load_address>
         <run_address>0xffbe</run_address>
         <size>0x51</size>
         <input_file_ref idref="fl-2"/>
      </object_component>
      <object_component id="oc-70">
         <name>.debug_info</name>
         <load_address>0x1000f</load_address>
         <run_address>0x1000f</run_address>
         <size>0x26b</size>
         <input_file_ref idref="fl-2"/>
      </object_component>
      <object_component id="oc-16a">
         <name>.debug_info</name>
         <load_address>0x1027a</load_address>
         <run_address>0x1027a</run_address>
         <size>0x6bd</size>
         <input_file_ref idref="fl-2"/>
      </object_component>
      <object_component id="oc-b2">
         <name>.debug_info</name>
         <load_address>0x10937</load_address>
         <run_address>0x10937</run_address>
         <size>0x8b</size>
         <input_file_ref idref="fl-2"/>
      </object_component>
      <object_component id="oc-ad">
         <name>.debug_info</name>
         <load_address>0x109c2</load_address>
         <run_address>0x109c2</run_address>
         <size>0x2a4</size>
         <input_file_ref idref="fl-2"/>
      </object_component>
      <object_component id="oc-121">
         <name>.debug_info</name>
         <load_address>0x10c66</load_address>
         <run_address>0x10c66</run_address>
         <size>0xef</size>
         <input_file_ref idref="fl-2"/>
      </object_component>
      <object_component id="oc-75">
         <name>.debug_info</name>
         <load_address>0x10d55</load_address>
         <run_address>0x10d55</run_address>
         <size>0xbb</size>
         <input_file_ref idref="fl-2"/>
      </object_component>
      <object_component id="oc-bf">
         <name>.debug_info</name>
         <load_address>0x10e10</load_address>
         <run_address>0x10e10</run_address>
         <size>0x2c</size>
         <input_file_ref idref="fl-2"/>
      </object_component>
      <object_component id="oc-2f">
         <name>.debug_info</name>
         <load_address>0x10e3c</load_address>
         <run_address>0x10e3c</run_address>
         <size>0x2aa</size>
         <input_file_ref idref="fl-3"/>
      </object_component>
      <object_component id="oc-13">
         <name>.debug_info</name>
         <load_address>0x110e6</load_address>
         <run_address>0x110e6</run_address>
         <size>0xe9</size>
         <input_file_ref idref="fl-3"/>
      </object_component>
      <object_component id="oc-28">
         <name>.debug_info</name>
         <load_address>0x111cf</load_address>
         <run_address>0x111cf</run_address>
         <size>0x265</size>
         <input_file_ref idref="fl-3"/>
      </object_component>
      <object_component id="oc-36">
         <name>.debug_info</name>
         <load_address>0x11434</load_address>
         <run_address>0x11434</run_address>
         <size>0x84</size>
         <input_file_ref idref="fl-3"/>
      </object_component>
      <object_component id="oc-cc">
         <name>.debug_info</name>
         <load_address>0x114b8</load_address>
         <run_address>0x114b8</run_address>
         <size>0x20a</size>
         <input_file_ref idref="fl-9"/>
      </object_component>
      <object_component id="oc-df">
         <name>.debug_info</name>
         <load_address>0x116c2</load_address>
         <run_address>0x116c2</run_address>
         <size>0x212</size>
         <input_file_ref idref="fl-9"/>
      </object_component>
      <object_component id="oc-e4">
         <name>.debug_info</name>
         <load_address>0x118d4</load_address>
         <run_address>0x118d4</run_address>
         <size>0x20f</size>
         <input_file_ref idref="fl-9"/>
      </object_component>
      <object_component id="oc-f1">
         <name>.debug_info</name>
         <load_address>0x11ae3</load_address>
         <run_address>0x11ae3</run_address>
         <size>0x23d</size>
         <input_file_ref idref="fl-9"/>
      </object_component>
      <object_component id="oc-f7">
         <name>.debug_info</name>
         <load_address>0x11d20</load_address>
         <run_address>0x11d20</run_address>
         <size>0x21c</size>
         <input_file_ref idref="fl-9"/>
      </object_component>
      <object_component id="oc-179">
         <name>.debug_info</name>
         <load_address>0x11f3c</load_address>
         <run_address>0x11f3c</run_address>
         <size>0x18b</size>
         <input_file_ref idref="fl-9"/>
      </object_component>
      <object_component id="oc-8e">
         <name>.debug_info</name>
         <load_address>0x120c7</load_address>
         <run_address>0x120c7</run_address>
         <size>0x2d4</size>
         <input_file_ref idref="fl-bf"/>
      </object_component>
      <object_component id="oc-48">
         <name>.debug_info</name>
         <load_address>0x1239b</load_address>
         <run_address>0x1239b</run_address>
         <size>0x1d2</size>
         <input_file_ref idref="fl-bf"/>
      </object_component>
      <object_component id="oc-89">
         <name>.debug_info</name>
         <load_address>0x1256d</load_address>
         <run_address>0x1256d</run_address>
         <size>0x46</size>
         <input_file_ref idref="fl-bf"/>
      </object_component>
      <object_component id="oc-46">
         <name>.debug_info</name>
         <load_address>0x125b3</load_address>
         <run_address>0x125b3</run_address>
         <size>0x2a8</size>
         <input_file_ref idref="fl-c0"/>
      </object_component>
      <object_component id="oc-1c">
         <name>.debug_info</name>
         <load_address>0x1285b</load_address>
         <run_address>0x1285b</run_address>
         <size>0x1ea</size>
         <input_file_ref idref="fl-c0"/>
      </object_component>
      <object_component id="oc-41">
         <name>.debug_info</name>
         <load_address>0x12a45</load_address>
         <run_address>0x12a45</run_address>
         <size>0x46</size>
         <input_file_ref idref="fl-c0"/>
      </object_component>
      <object_component id="oc-81">
         <name>.debug_info</name>
         <load_address>0x12a8b</load_address>
         <run_address>0x12a8b</run_address>
         <size>0x2c</size>
         <input_file_ref idref="fl-c0"/>
      </object_component>
      <object_component id="oc-7f">
         <name>.debug_info</name>
         <load_address>0x12ab7</load_address>
         <run_address>0x12ab7</run_address>
         <size>0x29e</size>
         <input_file_ref idref="fl-c1"/>
      </object_component>
      <object_component id="oc-18">
         <name>.debug_info</name>
         <load_address>0x12d55</load_address>
         <run_address>0x12d55</run_address>
         <size>0x250</size>
         <input_file_ref idref="fl-c1"/>
      </object_component>
      <object_component id="oc-31">
         <name>.debug_info</name>
         <load_address>0x12fa5</load_address>
         <run_address>0x12fa5</run_address>
         <size>0x60</size>
         <input_file_ref idref="fl-c1"/>
      </object_component>
      <object_component id="oc-b8">
         <name>.debug_info</name>
         <load_address>0x13005</load_address>
         <run_address>0x13005</run_address>
         <size>0x46</size>
         <input_file_ref idref="fl-c1"/>
      </object_component>
      <object_component id="oc-7a">
         <name>.debug_info</name>
         <load_address>0x1304b</load_address>
         <run_address>0x1304b</run_address>
         <size>0x39</size>
         <input_file_ref idref="fl-c1"/>
      </object_component>
      <object_component id="oc-25">
         <name>.debug_info</name>
         <load_address>0x13084</load_address>
         <run_address>0x13084</run_address>
         <size>0x10b</size>
         <input_file_ref idref="fl-c2"/>
      </object_component>
      <object_component id="oc-5a">
         <name>.debug_info</name>
         <load_address>0x1318f</load_address>
         <run_address>0x1318f</run_address>
         <size>0x1a9</size>
         <input_file_ref idref="fl-c2"/>
      </object_component>
      <object_component id="oc-3c">
         <name>.debug_info</name>
         <load_address>0x13338</load_address>
         <run_address>0x13338</run_address>
         <size>0x119</size>
         <input_file_ref idref="fl-c4"/>
      </object_component>
      <object_component id="oc-1aa">
         <name>.debug_info</name>
         <load_address>0x13451</load_address>
         <run_address>0x13451</run_address>
         <size>0x4b3</size>
         <input_file_ref idref="fl-c5"/>
      </object_component>
      <object_component id="oc-133">
         <name>.debug_info</name>
         <load_address>0x13904</load_address>
         <run_address>0x13904</run_address>
         <size>0x1a6</size>
         <input_file_ref idref="fl-c5"/>
      </object_component>
      <object_component id="oc-1cf">
         <name>.debug_info</name>
         <load_address>0x13aaa</load_address>
         <run_address>0x13aaa</run_address>
         <size>0x39</size>
         <input_file_ref idref="fl-c5"/>
      </object_component>
      <object_component id="oc-1e3">
         <name>.debug_info</name>
         <load_address>0x13ae3</load_address>
         <run_address>0x13ae3</run_address>
         <size>0x39</size>
         <input_file_ref idref="fl-c5"/>
      </object_component>
      <object_component id="oc-1d4">
         <name>.debug_info</name>
         <load_address>0x13b1c</load_address>
         <run_address>0x13b1c</run_address>
         <size>0x39</size>
         <input_file_ref idref="fl-c5"/>
      </object_component>
      <object_component id="oc-1d9">
         <name>.debug_info</name>
         <load_address>0x13b55</load_address>
         <run_address>0x13b55</run_address>
         <size>0xcd</size>
         <input_file_ref idref="fl-c5"/>
      </object_component>
      <object_component id="oc-97">
         <name>.debug_info</name>
         <load_address>0x13c22</load_address>
         <run_address>0x13c22</run_address>
         <size>0x153</size>
         <input_file_ref idref="fl-c6"/>
      </object_component>
      <object_component id="oc-128">
         <name>.debug_info</name>
         <load_address>0x13d75</load_address>
         <run_address>0x13d75</run_address>
         <size>0x122</size>
         <input_file_ref idref="fl-c8"/>
      </object_component>
      <object_component id="oc-21e">
         <name>.debug_info</name>
         <load_address>0x13e97</load_address>
         <run_address>0x13e97</run_address>
         <size>0x9c</size>
      </object_component>
      <object_component id="oc-165">
         <name>.debug_line</name>
         <load_address>0x0</load_address>
         <run_address>0x0</run_address>
         <size>0x8d</size>
         <input_file_ref idref="fl-2"/>
      </object_component>
      <object_component id="oc-173">
         <name>.debug_line</name>
         <load_address>0x8d</load_address>
         <run_address>0x8d</run_address>
         <size>0x58</size>
         <input_file_ref idref="fl-2"/>
      </object_component>
      <object_component id="oc-177">
         <name>.debug_line</name>
         <load_address>0xe5</load_address>
         <run_address>0xe5</run_address>
         <size>0x58</size>
         <input_file_ref idref="fl-2"/>
      </object_component>
      <object_component id="oc-170">
         <name>.debug_line</name>
         <load_address>0x13d</load_address>
         <run_address>0x13d</run_address>
         <size>0x58</size>
         <input_file_ref idref="fl-2"/>
      </object_component>
      <object_component id="oc-175">
         <name>.debug_line</name>
         <load_address>0x195</load_address>
         <run_address>0x195</run_address>
         <size>0x58</size>
         <input_file_ref idref="fl-2"/>
      </object_component>
      <object_component id="oc-182">
         <name>.debug_line</name>
         <load_address>0x1ed</load_address>
         <run_address>0x1ed</run_address>
         <size>0x5b</size>
         <input_file_ref idref="fl-2"/>
      </object_component>
      <object_component id="oc-186">
         <name>.debug_line</name>
         <load_address>0x248</load_address>
         <run_address>0x248</run_address>
         <size>0x5b</size>
         <input_file_ref idref="fl-2"/>
      </object_component>
      <object_component id="oc-188">
         <name>.debug_line</name>
         <load_address>0x2a3</load_address>
         <run_address>0x2a3</run_address>
         <size>0x5b</size>
         <input_file_ref idref="fl-2"/>
      </object_component>
      <object_component id="oc-18a">
         <name>.debug_line</name>
         <load_address>0x2fe</load_address>
         <run_address>0x2fe</run_address>
         <size>0x5b</size>
         <input_file_ref idref="fl-2"/>
      </object_component>
      <object_component id="oc-18c">
         <name>.debug_line</name>
         <load_address>0x359</load_address>
         <run_address>0x359</run_address>
         <size>0x5b</size>
         <input_file_ref idref="fl-2"/>
      </object_component>
      <object_component id="oc-18e">
         <name>.debug_line</name>
         <load_address>0x3b4</load_address>
         <run_address>0x3b4</run_address>
         <size>0x5b</size>
         <input_file_ref idref="fl-2"/>
      </object_component>
      <object_component id="oc-180">
         <name>.debug_line</name>
         <load_address>0x40f</load_address>
         <run_address>0x40f</run_address>
         <size>0x5b</size>
         <input_file_ref idref="fl-2"/>
      </object_component>
      <object_component id="oc-190">
         <name>.debug_line</name>
         <load_address>0x46a</load_address>
         <run_address>0x46a</run_address>
         <size>0x56</size>
         <input_file_ref idref="fl-2"/>
      </object_component>
      <object_component id="oc-192">
         <name>.debug_line</name>
         <load_address>0x4c0</load_address>
         <run_address>0x4c0</run_address>
         <size>0x56</size>
         <input_file_ref idref="fl-2"/>
      </object_component>
      <object_component id="oc-194">
         <name>.debug_line</name>
         <load_address>0x516</load_address>
         <run_address>0x516</run_address>
         <size>0x56</size>
         <input_file_ref idref="fl-2"/>
      </object_component>
      <object_component id="oc-196">
         <name>.debug_line</name>
         <load_address>0x56c</load_address>
         <run_address>0x56c</run_address>
         <size>0x57</size>
         <input_file_ref idref="fl-2"/>
      </object_component>
      <object_component id="oc-198">
         <name>.debug_line</name>
         <load_address>0x5c3</load_address>
         <run_address>0x5c3</run_address>
         <size>0x57</size>
         <input_file_ref idref="fl-2"/>
      </object_component>
      <object_component id="oc-19a">
         <name>.debug_line</name>
         <load_address>0x61a</load_address>
         <run_address>0x61a</run_address>
         <size>0x56</size>
         <input_file_ref idref="fl-2"/>
      </object_component>
      <object_component id="oc-19c">
         <name>.debug_line</name>
         <load_address>0x670</load_address>
         <run_address>0x670</run_address>
         <size>0x56</size>
         <input_file_ref idref="fl-2"/>
      </object_component>
      <object_component id="oc-19e">
         <name>.debug_line</name>
         <load_address>0x6c6</load_address>
         <run_address>0x6c6</run_address>
         <size>0x2d</size>
         <input_file_ref idref="fl-2"/>
      </object_component>
      <object_component id="oc-9f">
         <name>.debug_line</name>
         <load_address>0x6f3</load_address>
         <run_address>0x6f3</run_address>
         <size>0x224c</size>
         <input_file_ref idref="fl-2"/>
      </object_component>
      <object_component id="oc-168">
         <name>.debug_line</name>
         <load_address>0x293f</load_address>
         <run_address>0x293f</run_address>
         <size>0x58</size>
         <input_file_ref idref="fl-2"/>
      </object_component>
      <object_component id="oc-73">
         <name>.debug_line</name>
         <load_address>0x2997</load_address>
         <run_address>0x2997</run_address>
         <size>0x6f</size>
         <input_file_ref idref="fl-2"/>
      </object_component>
      <object_component id="oc-16d">
         <name>.debug_line</name>
         <load_address>0x2a06</load_address>
         <run_address>0x2a06</run_address>
         <size>0x53</size>
         <input_file_ref idref="fl-2"/>
      </object_component>
      <object_component id="oc-b5">
         <name>.debug_line</name>
         <load_address>0x2a59</load_address>
         <run_address>0x2a59</run_address>
         <size>0x20</size>
         <input_file_ref idref="fl-2"/>
      </object_component>
      <object_component id="oc-b0">
         <name>.debug_line</name>
         <load_address>0x2a79</load_address>
         <run_address>0x2a79</run_address>
         <size>0x73</size>
         <input_file_ref idref="fl-2"/>
      </object_component>
      <object_component id="oc-124">
         <name>.debug_line</name>
         <load_address>0x2aec</load_address>
         <run_address>0x2aec</run_address>
         <size>0x6f</size>
         <input_file_ref idref="fl-2"/>
      </object_component>
      <object_component id="oc-78">
         <name>.debug_line</name>
         <load_address>0x2b5b</load_address>
         <run_address>0x2b5b</run_address>
         <size>0x70</size>
         <input_file_ref idref="fl-2"/>
      </object_component>
      <object_component id="oc-c2">
         <name>.debug_line</name>
         <load_address>0x2bcb</load_address>
         <run_address>0x2bcb</run_address>
         <size>0x6b</size>
         <input_file_ref idref="fl-2"/>
      </object_component>
      <object_component id="oc-6f">
         <name>.debug_line</name>
         <load_address>0x2c36</load_address>
         <run_address>0x2c36</run_address>
         <size>0x41</size>
         <input_file_ref idref="fl-3"/>
      </object_component>
      <object_component id="oc-2e">
         <name>.debug_line</name>
         <load_address>0x2c77</load_address>
         <run_address>0x2c77</run_address>
         <size>0x41</size>
         <input_file_ref idref="fl-3"/>
      </object_component>
      <object_component id="oc-2c">
         <name>.debug_line</name>
         <load_address>0x2cb8</load_address>
         <run_address>0x2cb8</run_address>
         <size>0xa1</size>
         <input_file_ref idref="fl-3"/>
      </object_component>
      <object_component id="oc-39">
         <name>.debug_line</name>
         <load_address>0x2d59</load_address>
         <run_address>0x2d59</run_address>
         <size>0x20</size>
         <input_file_ref idref="fl-3"/>
      </object_component>
      <object_component id="oc-d0">
         <name>.debug_line</name>
         <load_address>0x2d79</load_address>
         <run_address>0x2d79</run_address>
         <size>0x8e</size>
         <input_file_ref idref="fl-9"/>
      </object_component>
      <object_component id="oc-dd">
         <name>.debug_line</name>
         <load_address>0x2e07</load_address>
         <run_address>0x2e07</run_address>
         <size>0x91</size>
         <input_file_ref idref="fl-9"/>
      </object_component>
      <object_component id="oc-e3">
         <name>.debug_line</name>
         <load_address>0x2e98</load_address>
         <run_address>0x2e98</run_address>
         <size>0x91</size>
         <input_file_ref idref="fl-9"/>
      </object_component>
      <object_component id="oc-f0">
         <name>.debug_line</name>
         <load_address>0x2f29</load_address>
         <run_address>0x2f29</run_address>
         <size>0x8e</size>
         <input_file_ref idref="fl-9"/>
      </object_component>
      <object_component id="oc-f4">
         <name>.debug_line</name>
         <load_address>0x2fb7</load_address>
         <run_address>0x2fb7</run_address>
         <size>0x91</size>
         <input_file_ref idref="fl-9"/>
      </object_component>
      <object_component id="oc-17c">
         <name>.debug_line</name>
         <load_address>0x3048</load_address>
         <run_address>0x3048</run_address>
         <size>0x69</size>
         <input_file_ref idref="fl-9"/>
      </object_component>
      <object_component id="oc-c5">
         <name>.debug_line</name>
         <load_address>0x30b1</load_address>
         <run_address>0x30b1</run_address>
         <size>0x92</size>
         <input_file_ref idref="fl-bf"/>
      </object_component>
      <object_component id="oc-4b">
         <name>.debug_line</name>
         <load_address>0x3143</load_address>
         <run_address>0x3143</run_address>
         <size>0x56</size>
         <input_file_ref idref="fl-bf"/>
      </object_component>
      <object_component id="oc-8c">
         <name>.debug_line</name>
         <load_address>0x3199</load_address>
         <run_address>0x3199</run_address>
         <size>0x34</size>
         <input_file_ref idref="fl-bf"/>
      </object_component>
      <object_component id="oc-87">
         <name>.debug_line</name>
         <load_address>0x31cd</load_address>
         <run_address>0x31cd</run_address>
         <size>0x20</size>
         <input_file_ref idref="fl-c0"/>
      </object_component>
      <object_component id="oc-1f">
         <name>.debug_line</name>
         <load_address>0x31ed</load_address>
         <run_address>0x31ed</run_address>
         <size>0x55</size>
         <input_file_ref idref="fl-c0"/>
      </object_component>
      <object_component id="oc-44">
         <name>.debug_line</name>
         <load_address>0x3242</load_address>
         <run_address>0x3242</run_address>
         <size>0x3a</size>
         <input_file_ref idref="fl-c0"/>
      </object_component>
      <object_component id="oc-84">
         <name>.debug_line</name>
         <load_address>0x327c</load_address>
         <run_address>0x327c</run_address>
         <size>0x92</size>
         <input_file_ref idref="fl-c0"/>
      </object_component>
      <object_component id="oc-be">
         <name>.debug_line</name>
         <load_address>0x330e</load_address>
         <run_address>0x330e</run_address>
         <size>0x20</size>
         <input_file_ref idref="fl-c1"/>
      </object_component>
      <object_component id="oc-17">
         <name>.debug_line</name>
         <load_address>0x332e</load_address>
         <run_address>0x332e</run_address>
         <size>0xa9</size>
         <input_file_ref idref="fl-c1"/>
      </object_component>
      <object_component id="oc-34">
         <name>.debug_line</name>
         <load_address>0x33d7</load_address>
         <run_address>0x33d7</run_address>
         <size>0x3a</size>
         <input_file_ref idref="fl-c1"/>
      </object_component>
      <object_component id="oc-bb">
         <name>.debug_line</name>
         <load_address>0x3411</load_address>
         <run_address>0x3411</run_address>
         <size>0x9a</size>
         <input_file_ref idref="fl-c1"/>
      </object_component>
      <object_component id="oc-7d">
         <name>.debug_line</name>
         <load_address>0x34ab</load_address>
         <run_address>0x34ab</run_address>
         <size>0x96</size>
         <input_file_ref idref="fl-c1"/>
      </object_component>
      <object_component id="oc-6c">
         <name>.debug_line</name>
         <load_address>0x3541</load_address>
         <run_address>0x3541</run_address>
         <size>0x33</size>
         <input_file_ref idref="fl-c2"/>
      </object_component>
      <object_component id="oc-5d">
         <name>.debug_line</name>
         <load_address>0x3574</load_address>
         <run_address>0x3574</run_address>
         <size>0x45</size>
         <input_file_ref idref="fl-c2"/>
      </object_component>
      <object_component id="oc-3f">
         <name>.debug_line</name>
         <load_address>0x35b9</load_address>
         <run_address>0x35b9</run_address>
         <size>0x88</size>
         <input_file_ref idref="fl-c4"/>
      </object_component>
      <object_component id="oc-1ce">
         <name>.debug_line</name>
         <load_address>0x3641</load_address>
         <run_address>0x3641</run_address>
         <size>0xbf</size>
         <input_file_ref idref="fl-c5"/>
      </object_component>
      <object_component id="oc-137">
         <name>.debug_line</name>
         <load_address>0x3700</load_address>
         <run_address>0x3700</run_address>
         <size>0x6f</size>
         <input_file_ref idref="fl-c5"/>
      </object_component>
      <object_component id="oc-1d2">
         <name>.debug_line</name>
         <load_address>0x376f</load_address>
         <run_address>0x376f</run_address>
         <size>0x2e</size>
         <input_file_ref idref="fl-c5"/>
      </object_component>
      <object_component id="oc-1e6">
         <name>.debug_line</name>
         <load_address>0x379d</load_address>
         <run_address>0x379d</run_address>
         <size>0x9a</size>
         <input_file_ref idref="fl-c5"/>
      </object_component>
      <object_component id="oc-1d7">
         <name>.debug_line</name>
         <load_address>0x3837</load_address>
         <run_address>0x3837</run_address>
         <size>0x97</size>
         <input_file_ref idref="fl-c5"/>
      </object_component>
      <object_component id="oc-1dc">
         <name>.debug_line</name>
         <load_address>0x38ce</load_address>
         <run_address>0x38ce</run_address>
         <size>0x93</size>
         <input_file_ref idref="fl-c5"/>
      </object_component>
      <object_component id="oc-96">
         <name>.debug_line</name>
         <load_address>0x3961</load_address>
         <run_address>0x3961</run_address>
         <size>0x40</size>
         <input_file_ref idref="fl-c6"/>
      </object_component>
      <object_component id="oc-127">
         <name>.debug_line</name>
         <load_address>0x39a1</load_address>
         <run_address>0x39a1</run_address>
         <size>0x3c</size>
         <input_file_ref idref="fl-c8"/>
      </object_component>
      <object_component id="oc-a0">
         <name>.debug_frame</name>
         <load_address>0x0</load_address>
         <run_address>0x0</run_address>
         <size>0x14f4</size>
         <input_file_ref idref="fl-2"/>
      </object_component>
      <object_component id="oc-2b">
         <name>.debug_frame</name>
         <load_address>0x14f4</load_address>
         <run_address>0x14f4</run_address>
         <size>0x90</size>
         <input_file_ref idref="fl-3"/>
      </object_component>
      <object_component id="oc-cf">
         <name>.debug_frame</name>
         <load_address>0x17e0</load_address>
         <run_address>0x17e0</run_address>
         <size>0x7f</size>
         <input_file_ref idref="fl-9"/>
      </object_component>
      <object_component id="oc-dc">
         <name>.debug_frame</name>
         <load_address>0x185f</load_address>
         <run_address>0x185f</run_address>
         <size>0x7f</size>
         <input_file_ref idref="fl-9"/>
      </object_component>
      <object_component id="oc-e2">
         <name>.debug_frame</name>
         <load_address>0x18de</load_address>
         <run_address>0x18de</run_address>
         <size>0x7f</size>
         <input_file_ref idref="fl-9"/>
      </object_component>
      <object_component id="oc-ee">
         <name>.debug_frame</name>
         <load_address>0x195d</load_address>
         <run_address>0x195d</run_address>
         <size>0x7f</size>
         <input_file_ref idref="fl-9"/>
      </object_component>
      <object_component id="oc-f6">
         <name>.debug_frame</name>
         <load_address>0x19dc</load_address>
         <run_address>0x19dc</run_address>
         <size>0x7f</size>
         <input_file_ref idref="fl-9"/>
      </object_component>
      <object_component id="oc-4c">
         <name>.debug_frame</name>
         <load_address>0x1584</load_address>
         <run_address>0x1584</run_address>
         <size>0x54</size>
         <input_file_ref idref="fl-bf"/>
      </object_component>
      <object_component id="oc-20">
         <name>.debug_frame</name>
         <load_address>0x15d8</load_address>
         <run_address>0x15d8</run_address>
         <size>0x54</size>
         <input_file_ref idref="fl-c0"/>
      </object_component>
      <object_component id="oc-16">
         <name>.debug_frame</name>
         <load_address>0x162c</load_address>
         <run_address>0x162c</run_address>
         <size>0x60</size>
         <input_file_ref idref="fl-c1"/>
      </object_component>
      <object_component id="oc-5e">
         <name>.debug_frame</name>
         <load_address>0x168c</load_address>
         <run_address>0x168c</run_address>
         <size>0x50</size>
         <input_file_ref idref="fl-c2"/>
      </object_component>
      <object_component id="oc-136">
         <name>.debug_frame</name>
         <load_address>0x16dc</load_address>
         <run_address>0x16dc</run_address>
         <size>0x5c</size>
         <input_file_ref idref="fl-c5"/>
      </object_component>
      <object_component id="oc-9a">
         <name>.debug_frame</name>
         <load_address>0x1738</load_address>
         <run_address>0x1738</run_address>
         <size>0x54</size>
         <input_file_ref idref="fl-c6"/>
      </object_component>
      <object_component id="oc-12b">
         <name>.debug_frame</name>
         <load_address>0x178c</load_address>
         <run_address>0x178c</run_address>
         <size>0x54</size>
         <input_file_ref idref="fl-c8"/>
      </object_component>
      <object_component id="oc-164">
         <name>.debug_abbrev</name>
         <load_address>0x0</load_address>
         <run_address>0x0</run_address>
         <size>0xf6</size>
         <input_file_ref idref="fl-2"/>
      </object_component>
      <object_component id="oc-172">
         <name>.debug_abbrev</name>
         <load_address>0xf6</load_address>
         <run_address>0xf6</run_address>
         <size>0x27</size>
         <input_file_ref idref="fl-2"/>
      </object_component>
      <object_component id="oc-176">
         <name>.debug_abbrev</name>
         <load_address>0x11d</load_address>
         <run_address>0x11d</run_address>
         <size>0x27</size>
         <input_file_ref idref="fl-2"/>
      </object_component>
      <object_component id="oc-16f">
         <name>.debug_abbrev</name>
         <load_address>0x144</load_address>
         <run_address>0x144</run_address>
         <size>0x27</size>
         <input_file_ref idref="fl-2"/>
      </object_component>
      <object_component id="oc-174">
         <name>.debug_abbrev</name>
         <load_address>0x16b</load_address>
         <run_address>0x16b</run_address>
         <size>0x27</size>
         <input_file_ref idref="fl-2"/>
      </object_component>
      <object_component id="oc-181">
         <name>.debug_abbrev</name>
         <load_address>0x192</load_address>
         <run_address>0x192</run_address>
         <size>0x27</size>
         <input_file_ref idref="fl-2"/>
      </object_component>
      <object_component id="oc-185">
         <name>.debug_abbrev</name>
         <load_address>0x1b9</load_address>
         <run_address>0x1b9</run_address>
         <size>0x27</size>
         <input_file_ref idref="fl-2"/>
      </object_component>
      <object_component id="oc-187">
         <name>.debug_abbrev</name>
         <load_address>0x1e0</load_address>
         <run_address>0x1e0</run_address>
         <size>0x27</size>
         <input_file_ref idref="fl-2"/>
      </object_component>
      <object_component id="oc-189">
         <name>.debug_abbrev</name>
         <load_address>0x207</load_address>
         <run_address>0x207</run_address>
         <size>0x27</size>
         <input_file_ref idref="fl-2"/>
      </object_component>
      <object_component id="oc-18b">
         <name>.debug_abbrev</name>
         <load_address>0x22e</load_address>
         <run_address>0x22e</run_address>
         <size>0x27</size>
         <input_file_ref idref="fl-2"/>
      </object_component>
      <object_component id="oc-18d">
         <name>.debug_abbrev</name>
         <load_address>0x255</load_address>
         <run_address>0x255</run_address>
         <size>0x27</size>
         <input_file_ref idref="fl-2"/>
      </object_component>
      <object_component id="oc-17f">
         <name>.debug_abbrev</name>
         <load_address>0x27c</load_address>
         <run_address>0x27c</run_address>
         <size>0x29</size>
         <input_file_ref idref="fl-2"/>
      </object_component>
      <object_component id="oc-18f">
         <name>.debug_abbrev</name>
         <load_address>0x2a5</load_address>
         <run_address>0x2a5</run_address>
         <size>0x27</size>
         <input_file_ref idref="fl-2"/>
      </object_component>
      <object_component id="oc-191">
         <name>.debug_abbrev</name>
         <load_address>0x2cc</load_address>
         <run_address>0x2cc</run_address>
         <size>0x27</size>
         <input_file_ref idref="fl-2"/>
      </object_component>
      <object_component id="oc-193">
         <name>.debug_abbrev</name>
         <load_address>0x2f3</load_address>
         <run_address>0x2f3</run_address>
         <size>0x27</size>
         <input_file_ref idref="fl-2"/>
      </object_component>
      <object_component id="oc-195">
         <name>.debug_abbrev</name>
         <load_address>0x31a</load_address>
         <run_address>0x31a</run_address>
         <size>0x27</size>
         <input_file_ref idref="fl-2"/>
      </object_component>
      <object_component id="oc-197">
         <name>.debug_abbrev</name>
         <load_address>0x341</load_address>
         <run_address>0x341</run_address>
         <size>0x27</size>
         <input_file_ref idref="fl-2"/>
      </object_component>
      <object_component id="oc-199">
         <name>.debug_abbrev</name>
         <load_address>0x368</load_address>
         <run_address>0x368</run_address>
         <size>0x27</size>
         <input_file_ref idref="fl-2"/>
      </object_component>
      <object_component id="oc-19b">
         <name>.debug_abbrev</name>
         <load_address>0x38f</load_address>
         <run_address>0x38f</run_address>
         <size>0x27</size>
         <input_file_ref idref="fl-2"/>
      </object_component>
      <object_component id="oc-19d">
         <name>.debug_abbrev</name>
         <load_address>0x3b6</load_address>
         <run_address>0x3b6</run_address>
         <size>0x29</size>
         <input_file_ref idref="fl-2"/>
      </object_component>
      <object_component id="oc-120">
         <name>.debug_abbrev</name>
         <load_address>0x3df</load_address>
         <run_address>0x3df</run_address>
         <size>0x1eb</size>
         <input_file_ref idref="fl-2"/>
      </object_component>
      <object_component id="oc-167">
         <name>.debug_abbrev</name>
         <load_address>0x5ca</load_address>
         <run_address>0x5ca</run_address>
         <size>0x38</size>
         <input_file_ref idref="fl-2"/>
      </object_component>
      <object_component id="oc-72">
         <name>.debug_abbrev</name>
         <load_address>0x602</load_address>
         <run_address>0x602</run_address>
         <size>0x69</size>
         <input_file_ref idref="fl-2"/>
      </object_component>
      <object_component id="oc-16c">
         <name>.debug_abbrev</name>
         <load_address>0x66b</load_address>
         <run_address>0x66b</run_address>
         <size>0xb7</size>
         <input_file_ref idref="fl-2"/>
      </object_component>
      <object_component id="oc-b4">
         <name>.debug_abbrev</name>
         <load_address>0x722</load_address>
         <run_address>0x722</run_address>
         <size>0x1f</size>
         <input_file_ref idref="fl-2"/>
      </object_component>
      <object_component id="oc-af">
         <name>.debug_abbrev</name>
         <load_address>0x741</load_address>
         <run_address>0x741</run_address>
         <size>0x5c</size>
         <input_file_ref idref="fl-2"/>
      </object_component>
      <object_component id="oc-123">
         <name>.debug_abbrev</name>
         <load_address>0x79d</load_address>
         <run_address>0x79d</run_address>
         <size>0x24</size>
         <input_file_ref idref="fl-2"/>
      </object_component>
      <object_component id="oc-77">
         <name>.debug_abbrev</name>
         <load_address>0x7c1</load_address>
         <run_address>0x7c1</run_address>
         <size>0x24</size>
         <input_file_ref idref="fl-2"/>
      </object_component>
      <object_component id="oc-c1">
         <name>.debug_abbrev</name>
         <load_address>0x7e5</load_address>
         <run_address>0x7e5</run_address>
         <size>0x24</size>
         <input_file_ref idref="fl-2"/>
      </object_component>
      <object_component id="oc-6e">
         <name>.debug_abbrev</name>
         <load_address>0x809</load_address>
         <run_address>0x809</run_address>
         <size>0x68</size>
         <input_file_ref idref="fl-3"/>
      </object_component>
      <object_component id="oc-2d">
         <name>.debug_abbrev</name>
         <load_address>0x871</load_address>
         <run_address>0x871</run_address>
         <size>0x29</size>
         <input_file_ref idref="fl-3"/>
      </object_component>
      <object_component id="oc-6d">
         <name>.debug_abbrev</name>
         <load_address>0x89a</load_address>
         <run_address>0x89a</run_address>
         <size>0x79</size>
         <input_file_ref idref="fl-3"/>
      </object_component>
      <object_component id="oc-38">
         <name>.debug_abbrev</name>
         <load_address>0x913</load_address>
         <run_address>0x913</run_address>
         <size>0x1f</size>
         <input_file_ref idref="fl-3"/>
      </object_component>
      <object_component id="oc-171">
         <name>.debug_abbrev</name>
         <load_address>0x932</load_address>
         <run_address>0x932</run_address>
         <size>0x50</size>
         <input_file_ref idref="fl-9"/>
      </object_component>
      <object_component id="oc-178">
         <name>.debug_abbrev</name>
         <load_address>0x982</load_address>
         <run_address>0x982</run_address>
         <size>0x52</size>
         <input_file_ref idref="fl-9"/>
      </object_component>
      <object_component id="oc-17e">
         <name>.debug_abbrev</name>
         <load_address>0x9d4</load_address>
         <run_address>0x9d4</run_address>
         <size>0x52</size>
         <input_file_ref idref="fl-9"/>
      </object_component>
      <object_component id="oc-183">
         <name>.debug_abbrev</name>
         <load_address>0xa26</load_address>
         <run_address>0xa26</run_address>
         <size>0x5e</size>
         <input_file_ref idref="fl-9"/>
      </object_component>
      <object_component id="oc-184">
         <name>.debug_abbrev</name>
         <load_address>0xa84</load_address>
         <run_address>0xa84</run_address>
         <size>0x52</size>
         <input_file_ref idref="fl-9"/>
      </object_component>
      <object_component id="oc-17b">
         <name>.debug_abbrev</name>
         <load_address>0xad6</load_address>
         <run_address>0xad6</run_address>
         <size>0x35</size>
         <input_file_ref idref="fl-9"/>
      </object_component>
      <object_component id="oc-c4">
         <name>.debug_abbrev</name>
         <load_address>0xb0b</load_address>
         <run_address>0xb0b</run_address>
         <size>0x5d</size>
         <input_file_ref idref="fl-bf"/>
      </object_component>
      <object_component id="oc-88">
         <name>.debug_abbrev</name>
         <load_address>0xb68</load_address>
         <run_address>0xb68</run_address>
         <size>0x6f</size>
         <input_file_ref idref="fl-bf"/>
      </object_component>
      <object_component id="oc-8b">
         <name>.debug_abbrev</name>
         <load_address>0xbd7</load_address>
         <run_address>0xbd7</run_address>
         <size>0x24</size>
         <input_file_ref idref="fl-bf"/>
      </object_component>
      <object_component id="oc-86">
         <name>.debug_abbrev</name>
         <load_address>0xbfb</load_address>
         <run_address>0xbfb</run_address>
         <size>0x37</size>
         <input_file_ref idref="fl-c0"/>
      </object_component>
      <object_component id="oc-40">
         <name>.debug_abbrev</name>
         <load_address>0xc32</load_address>
         <run_address>0xc32</run_address>
         <size>0x74</size>
         <input_file_ref idref="fl-c0"/>
      </object_component>
      <object_component id="oc-43">
         <name>.debug_abbrev</name>
         <load_address>0xca6</load_address>
         <run_address>0xca6</run_address>
         <size>0x24</size>
         <input_file_ref idref="fl-c0"/>
      </object_component>
      <object_component id="oc-83">
         <name>.debug_abbrev</name>
         <load_address>0xcca</load_address>
         <run_address>0xcca</run_address>
         <size>0x24</size>
         <input_file_ref idref="fl-c0"/>
      </object_component>
      <object_component id="oc-bd">
         <name>.debug_abbrev</name>
         <load_address>0xcee</load_address>
         <run_address>0xcee</run_address>
         <size>0x37</size>
         <input_file_ref idref="fl-c1"/>
      </object_component>
      <object_component id="oc-30">
         <name>.debug_abbrev</name>
         <load_address>0xd25</load_address>
         <run_address>0xd25</run_address>
         <size>0x6f</size>
         <input_file_ref idref="fl-c1"/>
      </object_component>
      <object_component id="oc-33">
         <name>.debug_abbrev</name>
         <load_address>0xd94</load_address>
         <run_address>0xd94</run_address>
         <size>0x24</size>
         <input_file_ref idref="fl-c1"/>
      </object_component>
      <object_component id="oc-ba">
         <name>.debug_abbrev</name>
         <load_address>0xdb8</load_address>
         <run_address>0xdb8</run_address>
         <size>0x35</size>
         <input_file_ref idref="fl-c1"/>
      </object_component>
      <object_component id="oc-7c">
         <name>.debug_abbrev</name>
         <load_address>0xded</load_address>
         <run_address>0xded</run_address>
         <size>0x24</size>
         <input_file_ref idref="fl-c1"/>
      </object_component>
      <object_component id="oc-6b">
         <name>.debug_abbrev</name>
         <load_address>0xe11</load_address>
         <run_address>0xe11</run_address>
         <size>0x29</size>
         <input_file_ref idref="fl-c2"/>
      </object_component>
      <object_component id="oc-a4">
         <name>.debug_abbrev</name>
         <load_address>0xe3a</load_address>
         <run_address>0xe3a</run_address>
         <size>0x55</size>
         <input_file_ref idref="fl-c2"/>
      </object_component>
      <object_component id="oc-80">
         <name>.debug_abbrev</name>
         <load_address>0xe8f</load_address>
         <run_address>0xe8f</run_address>
         <size>0x3e</size>
         <input_file_ref idref="fl-c4"/>
      </object_component>
      <object_component id="oc-1cd">
         <name>.debug_abbrev</name>
         <load_address>0xecd</load_address>
         <run_address>0xecd</run_address>
         <size>0xc0</size>
         <input_file_ref idref="fl-c5"/>
      </object_component>
      <object_component id="oc-1a9">
         <name>.debug_abbrev</name>
         <load_address>0xf8d</load_address>
         <run_address>0xf8d</run_address>
         <size>0x7e</size>
         <input_file_ref idref="fl-c5"/>
      </object_component>
      <object_component id="oc-1d1">
         <name>.debug_abbrev</name>
         <load_address>0x100b</load_address>
         <run_address>0x100b</run_address>
         <size>0x24</size>
         <input_file_ref idref="fl-c5"/>
      </object_component>
      <object_component id="oc-1e5">
         <name>.debug_abbrev</name>
         <load_address>0x102f</load_address>
         <run_address>0x102f</run_address>
         <size>0x24</size>
         <input_file_ref idref="fl-c5"/>
      </object_component>
      <object_component id="oc-1d6">
         <name>.debug_abbrev</name>
         <load_address>0x1053</load_address>
         <run_address>0x1053</run_address>
         <size>0x24</size>
         <input_file_ref idref="fl-c5"/>
      </object_component>
      <object_component id="oc-1db">
         <name>.debug_abbrev</name>
         <load_address>0x1077</load_address>
         <run_address>0x1077</run_address>
         <size>0x4b</size>
         <input_file_ref idref="fl-c5"/>
      </object_component>
      <object_component id="oc-c7">
         <name>.debug_abbrev</name>
         <load_address>0x10c2</load_address>
         <run_address>0x10c2</run_address>
         <size>0x55</size>
         <input_file_ref idref="fl-c6"/>
      </object_component>
      <object_component id="oc-19f">
         <name>.debug_abbrev</name>
         <load_address>0x1117</load_address>
         <run_address>0x1117</run_address>
         <size>0x45</size>
         <input_file_ref idref="fl-c8"/>
      </object_component>
      <object_component id="oc-21f">
         <name>.debug_abbrev</name>
         <load_address>0x115c</load_address>
         <run_address>0x115c</run_address>
         <size>0xf</size>
      </object_component>
      <object_component id="oc-169">
         <name>.debug_str</name>
         <load_address>0x0</load_address>
         <run_address>0x0</run_address>
         <size>0xe1</size>
         <input_file_ref idref="fl-2"/>
      </object_component>
      <object_component id="oc-74">
         <name>.debug_str</name>
         <load_address>0xe1</load_address>
         <run_address>0xe1</run_address>
         <size>0x2ad</size>
         <input_file_ref idref="fl-2"/>
      </object_component>
      <object_component id="oc-16e">
         <name>.debug_str</name>
         <load_address>0x38e</load_address>
         <run_address>0x38e</run_address>
         <size>0x3fd</size>
         <input_file_ref idref="fl-2"/>
      </object_component>
      <object_component id="oc-b6">
         <name>.debug_str</name>
         <load_address>0x78b</load_address>
         <run_address>0x78b</run_address>
         <size>0xfd</size>
         <input_file_ref idref="fl-2"/>
      </object_component>
      <object_component id="oc-b1">
         <name>.debug_str</name>
         <load_address>0x888</load_address>
         <run_address>0x888</run_address>
         <size>0x343</size>
         <input_file_ref idref="fl-2"/>
      </object_component>
      <object_component id="oc-125">
         <name>.debug_str</name>
         <load_address>0xbcb</load_address>
         <run_address>0xbcb</run_address>
         <size>0x1b8</size>
         <input_file_ref idref="fl-2"/>
      </object_component>
      <object_component id="oc-79">
         <name>.debug_str</name>
         <load_address>0xd83</load_address>
         <run_address>0xd83</run_address>
         <size>0x145</size>
         <input_file_ref idref="fl-2"/>
      </object_component>
      <object_component id="oc-c3">
         <name>.debug_str</name>
         <load_address>0xec8</load_address>
         <run_address>0xec8</run_address>
         <size>0xdf</size>
         <input_file_ref idref="fl-2"/>
      </object_component>
      <object_component id="oc-3a">
         <name>.debug_str</name>
         <load_address>0xfa7</load_address>
         <run_address>0xfa7</run_address>
         <size>0xfd</size>
         <input_file_ref idref="fl-3"/>
      </object_component>
      <object_component id="oc-17d">
         <name>.debug_str</name>
         <load_address>0x10a4</load_address>
         <run_address>0x10a4</run_address>
         <size>0x241</size>
         <input_file_ref idref="fl-9"/>
      </object_component>
      <object_component id="oc-8d">
         <name>.debug_str</name>
         <load_address>0x12e5</load_address>
         <run_address>0x12e5</run_address>
         <size>0x105</size>
         <input_file_ref idref="fl-bf"/>
      </object_component>
      <object_component id="oc-45">
         <name>.debug_str</name>
         <load_address>0x13ea</load_address>
         <run_address>0x13ea</run_address>
         <size>0x10b</size>
         <input_file_ref idref="fl-c0"/>
      </object_component>
      <object_component id="oc-85">
         <name>.debug_str</name>
         <load_address>0x14f5</load_address>
         <run_address>0x14f5</run_address>
         <size>0x140</size>
         <input_file_ref idref="fl-c0"/>
      </object_component>
      <object_component id="oc-35">
         <name>.debug_str</name>
         <load_address>0x1635</load_address>
         <run_address>0x1635</run_address>
         <size>0x118</size>
         <input_file_ref idref="fl-c1"/>
      </object_component>
      <object_component id="oc-bc">
         <name>.debug_str</name>
         <load_address>0x174d</load_address>
         <run_address>0x174d</run_address>
         <size>0x16b</size>
         <input_file_ref idref="fl-c1"/>
      </object_component>
      <object_component id="oc-7e">
         <name>.debug_str</name>
         <load_address>0x18b8</load_address>
         <run_address>0x18b8</run_address>
         <size>0x158</size>
         <input_file_ref idref="fl-c1"/>
      </object_component>
      <object_component id="oc-1d3">
         <name>.debug_str</name>
         <load_address>0x1a10</load_address>
         <run_address>0x1a10</run_address>
         <size>0xed</size>
         <input_file_ref idref="fl-c5"/>
      </object_component>
      <object_component id="oc-1e7">
         <name>.debug_str</name>
         <load_address>0x1afd</load_address>
         <run_address>0x1afd</run_address>
         <size>0x157</size>
         <input_file_ref idref="fl-c5"/>
      </object_component>
      <object_component id="oc-1d8">
         <name>.debug_str</name>
         <load_address>0x1c54</load_address>
         <run_address>0x1c54</run_address>
         <size>0x150</size>
         <input_file_ref idref="fl-c5"/>
      </object_component>
      <object_component id="oc-1dd">
         <name>.debug_str</name>
         <load_address>0x1da4</load_address>
         <run_address>0x1da4</run_address>
         <size>0x197</size>
         <input_file_ref idref="fl-c5"/>
      </object_component>
      <object_component id="oc-9d">
         <name>.debug_aranges</name>
         <load_address>0x0</load_address>
         <run_address>0x0</run_address>
         <size>0x6c0</size>
         <input_file_ref idref="fl-2"/>
      </object_component>
      <object_component id="oc-29">
         <name>.debug_aranges</name>
         <load_address>0x6c0</load_address>
         <run_address>0x6c0</run_address>
         <size>0x38</size>
         <input_file_ref idref="fl-3"/>
      </object_component>
      <object_component id="oc-ce">
         <name>.debug_aranges</name>
         <load_address>0x6f8</load_address>
         <run_address>0x6f8</run_address>
         <size>0x20</size>
         <input_file_ref idref="fl-9"/>
      </object_component>
      <object_component id="oc-de">
         <name>.debug_aranges</name>
         <load_address>0x718</load_address>
         <run_address>0x718</run_address>
         <size>0x20</size>
         <input_file_ref idref="fl-9"/>
      </object_component>
      <object_component id="oc-e6">
         <name>.debug_aranges</name>
         <load_address>0x738</load_address>
         <run_address>0x738</run_address>
         <size>0x20</size>
         <input_file_ref idref="fl-9"/>
      </object_component>
      <object_component id="oc-ef">
         <name>.debug_aranges</name>
         <load_address>0x758</load_address>
         <run_address>0x758</run_address>
         <size>0x20</size>
         <input_file_ref idref="fl-9"/>
      </object_component>
      <object_component id="oc-f5">
         <name>.debug_aranges</name>
         <load_address>0x778</load_address>
         <run_address>0x778</run_address>
         <size>0x20</size>
         <input_file_ref idref="fl-9"/>
      </object_component>
      <object_component id="oc-4a">
         <name>.debug_aranges</name>
         <load_address>0x798</load_address>
         <run_address>0x798</run_address>
         <size>0x20</size>
         <input_file_ref idref="fl-bf"/>
      </object_component>
      <object_component id="oc-1d">
         <name>.debug_aranges</name>
         <load_address>0x7b8</load_address>
         <run_address>0x7b8</run_address>
         <size>0x20</size>
         <input_file_ref idref="fl-c0"/>
      </object_component>
      <object_component id="oc-1a">
         <name>.debug_aranges</name>
         <load_address>0x7d8</load_address>
         <run_address>0x7d8</run_address>
         <size>0x20</size>
         <input_file_ref idref="fl-c1"/>
      </object_component>
      <object_component id="oc-5b">
         <name>.debug_aranges</name>
         <load_address>0x7f8</load_address>
         <run_address>0x7f8</run_address>
         <size>0x20</size>
         <input_file_ref idref="fl-c2"/>
      </object_component>
      <object_component id="oc-3e">
         <name>.debug_aranges</name>
         <load_address>0x818</load_address>
         <run_address>0x818</run_address>
         <size>0x20</size>
         <input_file_ref idref="fl-c4"/>
      </object_component>
      <object_component id="oc-134">
         <name>.debug_aranges</name>
         <load_address>0x838</load_address>
         <run_address>0x838</run_address>
         <size>0x20</size>
         <input_file_ref idref="fl-c5"/>
      </object_component>
      <object_component id="oc-98">
         <name>.debug_aranges</name>
         <load_address>0x858</load_address>
         <run_address>0x858</run_address>
         <size>0x20</size>
         <input_file_ref idref="fl-c6"/>
      </object_component>
      <object_component id="oc-12a">
         <name>.debug_aranges</name>
         <load_address>0x878</load_address>
         <run_address>0x878</run_address>
         <size>0x20</size>
         <input_file_ref idref="fl-c8"/>
      </object_component>
      <object_component id="oc-d3">
         <name>.debug_pubnames</name>
         <load_address>0x0</load_address>
         <run_address>0x0</run_address>
         <size>0x23</size>
         <input_file_ref idref="fl-2"/>
      </object_component>
      <object_component id="oc-d9">
         <name>.debug_pubnames</name>
         <load_address>0x23</load_address>
         <run_address>0x23</run_address>
         <size>0x29</size>
         <input_file_ref idref="fl-2"/>
      </object_component>
      <object_component id="oc-ca">
         <name>.debug_pubnames</name>
         <load_address>0x4c</load_address>
         <run_address>0x4c</run_address>
         <size>0x26</size>
         <input_file_ref idref="fl-2"/>
      </object_component>
      <object_component id="oc-d6">
         <name>.debug_pubnames</name>
         <load_address>0x72</load_address>
         <run_address>0x72</run_address>
         <size>0x2c</size>
         <input_file_ref idref="fl-2"/>
      </object_component>
      <object_component id="oc-ec">
         <name>.debug_pubnames</name>
         <load_address>0x9e</load_address>
         <run_address>0x9e</run_address>
         <size>0x26</size>
         <input_file_ref idref="fl-2"/>
      </object_component>
      <object_component id="oc-fb">
         <name>.debug_pubnames</name>
         <load_address>0xc4</load_address>
         <run_address>0xc4</run_address>
         <size>0x22</size>
         <input_file_ref idref="fl-2"/>
      </object_component>
      <object_component id="oc-fe">
         <name>.debug_pubnames</name>
         <load_address>0xe6</load_address>
         <run_address>0xe6</run_address>
         <size>0x24</size>
         <input_file_ref idref="fl-2"/>
      </object_component>
      <object_component id="oc-101">
         <name>.debug_pubnames</name>
         <load_address>0x10a</load_address>
         <run_address>0x10a</run_address>
         <size>0x27</size>
         <input_file_ref idref="fl-2"/>
      </object_component>
      <object_component id="oc-104">
         <name>.debug_pubnames</name>
         <load_address>0x131</load_address>
         <run_address>0x131</run_address>
         <size>0x26</size>
         <input_file_ref idref="fl-2"/>
      </object_component>
      <object_component id="oc-107">
         <name>.debug_pubnames</name>
         <load_address>0x157</load_address>
         <run_address>0x157</run_address>
         <size>0x28</size>
         <input_file_ref idref="fl-2"/>
      </object_component>
      <object_component id="oc-e9">
         <name>.debug_pubnames</name>
         <load_address>0x17f</load_address>
         <run_address>0x17f</run_address>
         <size>0x26</size>
         <input_file_ref idref="fl-2"/>
      </object_component>
      <object_component id="oc-10a">
         <name>.debug_pubnames</name>
         <load_address>0x1a5</load_address>
         <run_address>0x1a5</run_address>
         <size>0x31</size>
         <input_file_ref idref="fl-2"/>
      </object_component>
      <object_component id="oc-10d">
         <name>.debug_pubnames</name>
         <load_address>0x1d6</load_address>
         <run_address>0x1d6</run_address>
         <size>0x32</size>
         <input_file_ref idref="fl-2"/>
      </object_component>
      <object_component id="oc-110">
         <name>.debug_pubnames</name>
         <load_address>0x208</load_address>
         <run_address>0x208</run_address>
         <size>0x2b</size>
         <input_file_ref idref="fl-2"/>
      </object_component>
      <object_component id="oc-113">
         <name>.debug_pubnames</name>
         <load_address>0x233</load_address>
         <run_address>0x233</run_address>
         <size>0x2a</size>
         <input_file_ref idref="fl-2"/>
      </object_component>
      <object_component id="oc-116">
         <name>.debug_pubnames</name>
         <load_address>0x25d</load_address>
         <run_address>0x25d</run_address>
         <size>0x33</size>
         <input_file_ref idref="fl-2"/>
      </object_component>
      <object_component id="oc-119">
         <name>.debug_pubnames</name>
         <load_address>0x290</load_address>
         <run_address>0x290</run_address>
         <size>0x29</size>
         <input_file_ref idref="fl-2"/>
      </object_component>
      <object_component id="oc-11c">
         <name>.debug_pubnames</name>
         <load_address>0x2b9</load_address>
         <run_address>0x2b9</run_address>
         <size>0x32</size>
         <input_file_ref idref="fl-2"/>
      </object_component>
      <object_component id="oc-11f">
         <name>.debug_pubnames</name>
         <load_address>0x2eb</load_address>
         <run_address>0x2eb</run_address>
         <size>0x1e</size>
         <input_file_ref idref="fl-2"/>
      </object_component>
      <object_component id="oc-9e">
         <name>.debug_pubnames</name>
         <load_address>0x309</load_address>
         <run_address>0x309</run_address>
         <size>0x1249</size>
         <input_file_ref idref="fl-2"/>
      </object_component>
      <object_component id="oc-14">
         <name>.debug_pubnames</name>
         <load_address>0x1552</load_address>
         <run_address>0x1552</run_address>
[...]
         <value>0x2429</value>
         <object_component_ref idref="oc-9b"/>
      </symbol>
      <symbol id="sm-40e">
         <name>TimerIntDisable</name>
         <value>0x2699</value>
         <object_component_ref idref="oc-9b"/>
      </symbol>
      <symbol id="sm-40f">
         <name>UARTTxIntModeGet</name>
         <value>0x2ae9</value>
         <object_component_ref idref="oc-9b"/>
      </symbol>
      <symbol id="sm-410">
         <name>SysCtlLDODeepSleepSet</name>
         <value>0x78b</value>
         <object_component_ref idref="oc-9b"/>
      </symbol>
      <symbol id="sm-411">
         <name>SysCtlPeripheralPowerOn</name>
         <value>0x409</value>
         <object_component_ref idref="oc-9b"/>
      </symbol>
      <symbol id="sm-412">
         <name>UARTModemStatusGet</name>
         <value>0x2a8b</value>
         <object_component_ref idref="oc-9b"/>
      </symbol>
      <symbol id="sm-413">
         <name>TimerValueGet</name>
         <value>0x255b</value>
         <object_component_ref idref="oc-9b"/>
      </symbol>
      <symbol id="sm-414">
         <name>SysCtlPeripheralDeepSleepDisable</name>
         <value>0x659</value>
         <object_component_ref idref="oc-9b"/>
      </symbol>
      <symbol id="sm-415">
         <name>GPIOPinTypeOneWire</name>
         <value>0x1ec5</value>
         <object_component_ref idref="oc-9b"/>
      </symbol>
      <symbol id="sm-416">
         <name>GPIOIntClear</name>
         <value>0x1bd3</value>
         <object_component_ref idref="oc-9b"/>
      </symbol>
      <symbol id="sm-417">
         <name>GPIOADCTriggerEnable</name>
         <value>0x20ff</value>
         <object_component_ref idref="oc-9b"/>
      </symbol>
      <symbol id="sm-418">
         <name>SysCtlPeripheralSleepDisable</name>
         <value>0x5cd</value>
         <object_component_ref idref="oc-9b"/>
      </symbol>
      <symbol id="sm-419">
         <name>UARTIntDisable</name>
         <value>0x2c49</value>
         <object_component_ref idref="oc-9b"/>
      </symbol>
      <symbol id="sm-41a">
         <name>UARTCharPut</name>
         <value>0x2b8d</value>
         <object_component_ref idref="oc-9b"/>
      </symbol>
      <symbol id="sm-41b">
         <name>GPIOADCTriggerDisable</name>
         <value>0x211d</value>
         <object_component_ref idref="oc-9b"/>
      </symbol>
      <symbol id="sm-41c">
         <name>SysCtlVCOGet</name>
         <value>0x10a1</value>
         <object_component_ref idref="oc-9b"/>
      </symbol>
      <symbol id="sm-41d">
         <name>GPIOPinTypeUART</name>
         <value>0x1f9d</value>
         <object_component_ref idref="oc-9b"/>
      </symbol>
      <symbol id="sm-41e">
         <name>SysCtlResetBehaviorSet</name>
         <value>0x871</value>
         <object_component_ref idref="oc-9b"/>
      </symbol>
      <symbol id="sm-41f">
         <name>UARTParityModeSet</name>
         <value>0x27e5</value>
         <object_component_ref idref="oc-9b"/>
      </symbol>
      <symbol id="sm-420">
         <name>IntDisable</name>
         <value>0x13a5</value>
         <object_component_ref idref="oc-9b"/>
      </symbol>
      <symbol id="sm-421">
         <name>IntRegister</name>
         <value>0x11db</value>
         <object_component_ref idref="oc-9b"/>
      </symbol>
      <symbol id="sm-422">
         <name>SysCtlReset</name>
         <value>0x7c5</value>
         <object_component_ref idref="oc-9b"/>
      </symbol>
      <symbol id="sm-423">
         <name>UARTRxErrorGet</name>
         <value>0x2cc1</value>
         <object_component_ref idref="oc-9b"/>
      </symbol>
      <symbol id="sm-424">
         <name>UARTConfigGetExpClk</name>
         <value>0x28c9</value>
         <object_component_ref idref="oc-9b"/>
      </symbol>
      <symbol id="sm-425">
         <name>IntPriorityGet</name>
         <value>0x12fd</value>
         <object_component_ref idref="oc-9b"/>
      </symbol>
      <symbol id="sm-426">
         <name>TimerControlTrigger</name>
         <value>0x229b</value>
         <object_component_ref idref="oc-9b"/>
      </symbol>
      <symbol id="sm-427">
         <name>GPIOIntRegisterPin</name>
         <value>0x1c1f</value>
         <object_component_ref idref="oc-9b"/>
      </symbol>
      <symbol id="sm-428">
         <name>IntMasterDisable</name>
         <value>0x11cb</value>
         <object_component_ref idref="oc-9b"/>
      </symbol>
      <symbol id="sm-429">
         <name>GPIOIntStatus</name>
         <value>0x1bb1</value>
         <object_component_ref idref="oc-9b"/>
      </symbol>
      <symbol id="sm-42a">
         <name>GPIOPinTypeDIVSCLK</name>
         <value>0x1d39</value>
         <object_component_ref idref="oc-9b"/>
      </symbol>
      <symbol id="sm-42b">
         <name>GPIOPinTypeGPIOOutput</name>
         <value>0x1ded</value>
         <object_component_ref idref="oc-9b"/>
      </symbol>
      <symbol id="sm-42c">
         <name>GPIOIntTypeGet</name>
         <value>0x1751</value>
         <object_component_ref idref="oc-9b"/>
      </symbol>
      <symbol id="sm-42d">
         <name>UARTEnableSIR</name>
         <value>0x298f</value>
         <object_component_ref idref="oc-9b"/>
      </symbol>
      <symbol id="sm-42e">
         <name>GPIOPinRead</name>
         <value>0x1c71</value>
         <object_component_ref idref="oc-9b"/>
      </symbol>
      <symbol id="sm-42f">
         <name>GPIODirModeSet</name>
         <value>0x15f9</value>
         <object_component_ref idref="oc-9b"/>
      </symbol>
      <symbol id="sm-430">
         <name>IntUnregister</name>
         <value>0x1231</value>
         <object_component_ref idref="oc-9b"/>
      </symbol>
      <symbol id="sm-431">
         <name>SysCtlGPIOAHBDisable</name>
         <value>0x1033</value>
         <object_component_ref idref="oc-9b"/>
      </symbol>
      <symbol id="sm-432">
         <name>SysCtlSRAMSizeGet</name>
         <value>0x32d</value>
         <object_component_ref idref="oc-9b"/>
      </symbol>
      <symbol id="sm-433">
         <name>UARTEnable</name>
         <value>0x2915</value>
         <object_component_ref idref="oc-9b"/>
      </symbol>
      <symbol id="sm-434">
         <name>SysCtlClockGet</name>
         <value>0xd99</value>
         <object_component_ref idref="oc-9b"/>
      </symbol>
      <symbol id="sm-435">
         <name>TimerPrescaleSet</name>
         <value>0x2439</value>
         <object_component_ref idref="oc-9b"/>
      </symbol>
      <symbol id="sm-436">
         <name>UART9BitAddrSend</name>
         <value>0x2d59</value>
         <object_component_ref idref="oc-9b"/>
      </symbol>
      <symbol id="sm-437">
         <name>UARTModemControlGet</name>
         <value>0x2a79</value>
         <object_component_ref idref="oc-9b"/>
      </symbol>
      <symbol id="sm-438">
         <name>SysCtlPeripheralDisable</name>
         <value>0x545</value>
         <object_component_ref idref="oc-9b"/>
      </symbol>
      <symbol id="sm-439">
         <name>UARTSmartCardEnable</name>
         <value>0x29d3</value>
         <object_component_ref idref="oc-9b"/>
      </symbol>
      <symbol id="sm-43a">
         <name>UARTFlowControlGet</name>
         <value>0x2abb</value>
         <object_component_ref idref="oc-9b"/>
      </symbol>
      <symbol id="sm-43b">
         <name>GPIOPinTypeQEI</name>
         <value>0x1f0d</value>
         <object_component_ref idref="oc-9b"/>
      </symbol>
      <symbol id="sm-43c">
         <name>TimerControlStall</name>
         <value>0x233d</value>
         <object_component_ref idref="oc-9b"/>
      </symbol>
      <symbol id="sm-43d">
         <name>IntPriorityMaskGet</name>
         <value>0x1573</value>
         <object_component_ref idref="oc-9b"/>
      </symbol>
      <symbol id="sm-43e">
         <name>TimerMatchGet64</name>
         <value>0x2609</value>
         <object_component_ref idref="oc-9b"/>
      </symbol>
      <symbol id="sm-43f">
         <name>TimerRTCEnable</name>
         <value>0x23d3</value>
         <object_component_ref idref="oc-9b"/>
      </symbol>
      <symbol id="sm-440">
         <name>UARTFIFOEnable</name>
         <value>0x2963</value>
         <object_component_ref idref="oc-9b"/>
      </symbol>
      <symbol id="sm-441">
         <name>GPIOPinTypeHibernateRTCCLK</name>
         <value>0x1e35</value>
         <object_component_ref idref="oc-9b"/>
      </symbol>
      <symbol id="sm-442">
         <name>GPIODMATriggerEnable</name>
         <value>0x20c3</value>
         <object_component_ref idref="oc-9b"/>
      </symbol>
      <symbol id="sm-443">
         <name>TimerLoadGet</name>
         <value>0x24f3</value>
         <object_component_ref idref="oc-9b"/>
      </symbol>
      <symbol id="sm-444">
         <name>UARTIntClear</name>
         <value>0x2c7f</value>
         <object_component_ref idref="oc-9b"/>
      </symbol>
      <symbol id="sm-445">
         <name>UARTIntStatus</name>
         <value>0x2c61</value>
         <object_component_ref idref="oc-9b"/>
      </symbol>
      <symbol id="sm-446">
         <name>GPIOPinTypeEthernetMII</name>
         <value>0x1da5</value>
         <object_component_ref idref="oc-9b"/>
      </symbol>
      <symbol id="sm-447">
         <name>GPIOPinWrite</name>
         <value>0x1c89</value>
         <object_component_ref idref="oc-9b"/>
      </symbol>
      <symbol id="sm-448">
         <name>UARTDMADisable</name>
         <value>0x2ca9</value>
         <object_component_ref idref="oc-9b"/>
      </symbol>
      <symbol id="sm-449">
         <name>SysCtlPWMClockSet</name>
         <value>0xfe7</value>
         <object_component_ref idref="oc-9b"/>
      </symbol>
      <symbol id="sm-44a">
         <name>GPIOPadConfigSet</name>
         <value>0x17f1</value>
         <object_component_ref idref="oc-9b"/>
      </symbol>
      <symbol id="sm-44b">
         <name>GPIOPinTypeLCD</name>
         <value>0x1ea1</value>
         <object_component_ref idref="oc-9b"/>
      </symbol>
      <symbol id="sm-44c">
         <name>g_pfnRAMVectors</name>
         <value>0x20000000</value>
         <object_component_ref idref="oc-e7"/>
      </symbol>
      <symbol id="sm-44d">
         <name>GPIOPinTypeSSI</name>
         <value>0x1f31</value>
         <object_component_ref idref="oc-9b"/>
      </symbol>
      <symbol id="sm-44e">
         <name>TimerIntEnable</name>
         <value>0x2681</value>
         <object_component_ref idref="oc-9b"/>
      </symbol>
      <symbol id="sm-44f">
         <name>SysCtlUSBPLLEnable</name>
         <value>0x104f</value>
         <object_component_ref idref="oc-9b"/>
      </symbol>
      <symbol id="sm-450">
         <name>TimerClockSourceSet</name>
         <value>0x2411</value>
         <object_component_ref idref="oc-9b"/>
      </symbol>
      <symbol id="sm-451">
         <name>SysCtlPeripheralSleepEnable</name>
         <value>0x589</value>
         <object_component_ref idref="oc-9b"/>
      </symbol>
      <symbol id="sm-452">
         <name>SysCtlIntUnregister</name>
         <value>0x70d</value>
         <object_component_ref idref="oc-9b"/>
      </symbol>
      <symbol id="sm-453">
         <name>UART9BitEnable</name>
         <value>0x2d07</value>
         <object_component_ref idref="oc-9b"/>
      </symbol>
      <symbol id="sm-454">
         <name>TimerLoadSet64</name>
         <value>0x250f</value>
         <object_component_ref idref="oc-9b"/>
      </symbol>
      <symbol id="sm-455">
         <name>UARTSpaceAvail</name>
         <value>0x2b19</value>
         <object_component_ref idref="oc-9b"/>
      </symbol>
      <symbol id="sm-456">
         <name>GPIOPinTypeTimer</name>
         <value>0x1f55</value>
         <object_component_ref idref="oc-9b"/>
      </symbol>
      <symbol id="sm-457">
         <name>UARTCharGet</name>
         <value>0x2b53</value>
         <object_component_ref idref="oc-9b"/>
      </symbol>
      <symbol id="sm-458">
         <name>UARTFIFOLevelSet</name>
         <value>0x2813</value>
         <object_component_ref idref="oc-9b"/>
      </symbol>
      <symbol id="sm-459">
         <name>TimerDMAEventGet</name>
         <value>0x2725</value>
         <object_component_ref idref="oc-9b"/>
      </symbol>
      <symbol id="sm-45a">
         <name>TimerRTCDisable</name>
         <value>0x23e9</value>
         <object_component_ref idref="oc-9b"/>
      </symbol>
      <symbol id="sm-45b">
         <name>UARTModemControlClear</name>
         <value>0x2a55</value>
         <object_component_ref idref="oc-9b"/>
      </symbol>
      <symbol id="sm-45c">
         <name>TimerADCEventGet</name>
         <value>0x2705</value>
         <object_component_ref idref="oc-9b"/>
      </symbol>
      <symbol id="sm-45d">
         <name>GPIOPinTypeCAN</name>
         <value>0x1ccd</value>
         <object_component_ref idref="oc-9b"/>
      </symbol>
      <symbol id="sm-45e">
         <name>TimerPrescaleMatchSet</name>
         <value>0x247f</value>
         <object_component_ref idref="oc-9b"/>
      </symbol>
      <symbol id="sm-45f">
         <name>TimerControlWaitOnTrigger</name>
         <value>0x2373</value>
         <object_component_ref idref="oc-9b"/>
      </symbol>
      <symbol id="sm-460">
         <name>SysCtlUSBPLLDisable</name>
         <value>0x105b</value>
         <object_component_ref idref="oc-9b"/>
      </symbol>
      <symbol id="sm-461">
         <name>UARTParityModeGet</name>
         <value>0x2801</value>
         <object_component_ref idref="oc-9b"/>
      </symbol>
      <symbol id="sm-462">
         <name>UARTIntRegister</name>
         <value>0x2bf3</value>
         <object_component_ref idref="oc-9b"/>
      </symbol>
      <symbol id="sm-463">
         <name>TimerConfigure</name>
         <value>0x21e9</value>
         <object_component_ref idref="oc-9b"/>
      </symbol>
      <symbol id="sm-464">
         <name>TimerControlEvent</name>
         <value>0x2309</value>
         <object_component_ref idref="oc-9b"/>
      </symbol>
      <symbol id="sm-465">
         <name>SysCtlPeripheralReady</name>
         <value>0x3c9</value>
         <object_component_ref idref="oc-9b"/>
      </symbol>
      <symbol id="sm-466">
         <name>SysCtlPIOSCCalibrate</name>
         <value>0x821</value>
         <object_component_ref idref="oc-9b"/>
      </symbol>
      <symbol id="sm-467">
         <name>TimerIntClear</name>
         <value>0x26cf</value>
         <object_component_ref idref="oc-9b"/>
      </symbol>
      <symbol id="sm-468">
         <name>SysCtlResetCauseClear</name>
         <value>0x7f7</value>
         <object_component_ref idref="oc-9b"/>
      </symbol>
      <symbol id="sm-469">
         <name>SysCtlLDOSleepGet</name>
         <value>0x785</value>
         <object_component_ref idref="oc-9b"/>
      </symbol>
      <symbol id="sm-46a">
         <name>SysCtlClockFreqSet</name>
         <value>0x8d1</value>
         <object_component_ref idref="oc-9b"/>
      </symbol>
      <symbol id="sm-46b">
         <name>IntMasterEnable</name>
         <value>0x11bb</value>
         <object_component_ref idref="oc-9b"/>
      </symbol>
      <symbol id="sm-46c">
         <name>UARTBreakCtl</name>
         <value>0x2bab</value>
         <object_component_ref idref="oc-9b"/>
      </symbol>
      <symbol id="sm-46d">
         <name>SysCtlPeripheralReset</name>
         <value>0x481</value>
         <object_component_ref idref="oc-9b"/>
      </symbol>
      <symbol id="sm-46e">
         <name>GPIOPinTypeEPI</name>
         <value>0x1d5d</value>
         <object_component_ref idref="oc-9b"/>
      </symbol>
      <symbol id="sm-46f">
         <name>UART9BitAddrSet</name>
         <value>0x2d33</value>
         <object_component_ref idref="oc-9b"/>
      </symbol>
      <symbol id="sm-470">
         <name>GPIOPinTypeEthernetLED</name>
         <value>0x1d81</value>
         <object_component_ref idref="oc-9b"/>
      </symbol>
      <symbol id="sm-471">
         <name>IntPendSet</name>
         <value>0x14a9</value>
         <object_component_ref idref="oc-9b"/>
      </symbol>
      <symbol id="sm-472">
         <name>GPIOPinWakeStatus</name>
         <value>0x2055</value>
         <object_component_ref idref="oc-9b"/>
      </symbol>
      <symbol id="sm-473">
         <name>TimerSynchronize</name>
         <value>0x26e1</value>
         <object_component_ref idref="oc-9b"/>
      </symbol>
      <symbol id="sm-494">
         <name>ResetISR</name>
         <value>0x3193</value>
         <object_component_ref idref="oc-27"/>
      </symbol>
      <symbol id="sm-495">
         <name>g_pfnVectors</name>
         <value>0x0</value>
         <object_component_ref idref="oc-12"/>
      </symbol>
      <symbol id="sm-4c4">
         <name>CPUbasepriGet</name>
         <value>0x319f</value>
         <object_component_ref idref="oc-f3"/>
      </symbol>
      <symbol id="sm-4c5">
         <name>CPUbasepriSet</name>
         <value>0x31a9</value>
         <object_component_ref idref="oc-ed"/>
      </symbol>
      <symbol id="sm-4c6">
         <name>CPUcpsie</name>
         <value>0x3187</value>
         <object_component_ref idref="oc-db"/>
      </symbol>
      <symbol id="sm-4c7">
         <name>CPUcpsid</name>
         <value>0x317b</value>
         <object_component_ref idref="oc-e1"/>
      </symbol>
      <symbol id="sm-4c8">
         <name>CPUwfi</name>
         <value>0x31b5</value>
         <object_component_ref idref="oc-cb"/>
      </symbol>
      <symbol id="sm-4dc">
         <name>__TI_zero_init_nomemset</name>
         <value>0x3151</value>
         <object_component_ref idref="oc-47"/>
      </symbol>
      <symbol id="sm-4f3">
         <name>__TI_decompress_none</name>
         <value>0x316d</value>
         <object_component_ref idref="oc-1b"/>
      </symbol>
      <symbol id="sm-516">
         <name>__TI_decompress_lzss</name>
         <value>0x3071</value>
         <object_component_ref idref="oc-15"/>
      </symbol>
      <symbol id="sm-529">
         <name>__stack</name>
         <value>0x20000270</value>
         <object_component_ref idref="oc-24"/>
      </symbol>
      <symbol id="sm-52a">
         <name>_c_int00_noargs</name>
         <value>0x311d</value>
         <object_component_ref idref="oc-59"/>
      </symbol>
      <symbol id="sm-546">
         <name>memcpy</name>
         <value>0x2fd5</value>
         <object_component_ref idref="oc-3b"/>
      </symbol>
      <symbol id="sm-547">
         <name>__aeabi_memcpy</name>
         <value>0x2fd5</value>
         <object_component_ref idref="oc-3b"/>
      </symbol>
      <symbol id="sm-548">
         <name>__aeabi_memcpy8</name>
         <value>0x2fd5</value>
         <object_component_ref idref="oc-3b"/>
      </symbol>
      <symbol id="sm-549">
         <name>__aeabi_memcpy4</name>
         <value>0x2fd5</value>
         <object_component_ref idref="oc-3b"/>
      </symbol>
      <symbol id="sm-571">
         <name>__TI_auto_init_nobinit_nopinit</name>
         <value>0x30d9</value>
         <object_component_ref idref="oc-132"/>
      </symbol>
      <symbol id="sm-57b">
         <name>_system_pre_init</name>
         <value>0x31b9</value>
         <object_component_ref idref="oc-95"/>
      </symbol>
      <symbol id="sm-587">
         <name>C$$EXIT</name>
         <value>0x31bd</value>
         <object_component_ref idref="oc-126"/>
      </symbol>
      <symbol id="sm-588">
         <name>abort</name>
         <value>0x31bd</value>
         <object_component_ref idref="oc-126"/>
      </symbol>
      <symbol id="sm-58b">
         <name>__TI_static_base__</name>
         <value>0x0</value>
      </symbol>
      <symbol id="sm-58e">
         <name>__mpu_init</name>
         <value>0x0</value>
      </symbol>
      <symbol id="sm-58f">
         <name>_system_post_cinit</name>
         <value>0x0</value>
      </symbol>
   </symbol_table>
   <title>Link successful</title>
</link_info>
